Archive member included to satisfy reference by file (symbol)

C:\Users\Felix\Desktop\Projects\LPC\lpcopen\lpc_board_nxp_lpcxpresso_4337\Debug\liblpc_board_nxp_lpcxpresso_4337.a(board.o)
                              ./example/src/iox_sensor.o (Board_Init)
C:\Users\Felix\Desktop\Projects\LPC\lpcopen\lpc_board_nxp_lpcxpresso_4337\Debug\liblpc_board_nxp_lpcxpresso_4337.a(board_sysinit.o)
                              ./example/src/sysinit.o (Board_SystemInit)
C:\Users\Felix\Desktop\Projects\LPC\lpcopen\lpc_board_nxp_lpcxpresso_4337\Debug\liblpc_board_nxp_lpcxpresso_4337.a(lcd_st7565s.o)
                              ./example/src/iox_sensor.o (LCD_Init)
C:\Users\Felix\Desktop\Projects\LPC\lpcopen\lpc_board_nxp_lpcxpresso_4337\Debug\liblpc_board_nxp_lpcxpresso_4337.a(wm8904.o)
                              C:\Users\Felix\Desktop\Projects\LPC\lpcopen\lpc_board_nxp_lpcxpresso_4337\Debug\liblpc_board_nxp_lpcxpresso_4337.a(board.o) (WM8904_Init)
C:\Users\Felix\Desktop\Projects\LPC\lpcopen\lpc_chip_43xx\Debug\liblpc_chip_43xx.a(chip_18xx_43xx.o)
                              ./example/src/iox_sensor.o (SystemCoreClock)
C:\Users\Felix\Desktop\Projects\LPC\lpcopen\lpc_chip_43xx\Debug\liblpc_chip_43xx.a(clock_18xx_43xx.o)
                              C:\Users\Felix\Desktop\Projects\LPC\lpcopen\lpc_chip_43xx\Debug\liblpc_chip_43xx.a(chip_18xx_43xx.o) (Chip_Clock_GetClockInputHz)
C:\Users\Felix\Desktop\Projects\LPC\lpcopen\lpc_chip_43xx\Debug\liblpc_chip_43xx.a(fpu_init.o)
                              ./example/src/sysinit.o (fpuInit)
C:\Users\Felix\Desktop\Projects\LPC\lpcopen\lpc_chip_43xx\Debug\liblpc_chip_43xx.a(gpio_18xx_43xx.o)
                              C:\Users\Felix\Desktop\Projects\LPC\lpcopen\lpc_board_nxp_lpcxpresso_4337\Debug\liblpc_board_nxp_lpcxpresso_4337.a(board.o) (Chip_GPIO_Init)
C:\Users\Felix\Desktop\Projects\LPC\lpcopen\lpc_chip_43xx\Debug\liblpc_chip_43xx.a(i2c_18xx_43xx.o)
                              ./example/src/iox_sensor.o (Chip_I2C_EventHandler)
C:\Users\Felix\Desktop\Projects\LPC\lpcopen\lpc_chip_43xx\Debug\liblpc_chip_43xx.a(ssp_18xx_43xx.o)
                              C:\Users\Felix\Desktop\Projects\LPC\lpcopen\lpc_board_nxp_lpcxpresso_4337\Debug\liblpc_board_nxp_lpcxpresso_4337.a(board.o) (Chip_SSP_WriteFrames_Blocking)
C:\Users\Felix\Desktop\Projects\LPC\lpcopen\lpc_chip_43xx\Debug\liblpc_chip_43xx.a(sysinit_18xx_43xx.o)
                              C:\Users\Felix\Desktop\Projects\LPC\lpcopen\lpc_board_nxp_lpcxpresso_4337\Debug\liblpc_board_nxp_lpcxpresso_4337.a(board_sysinit.o) (Chip_SetupCoreClock)
C:\Users\Felix\Desktop\Projects\LPC\lpcopen\lpc_chip_43xx\Debug\liblpc_chip_43xx.a(uart_18xx_43xx.o)
                              C:\Users\Felix\Desktop\Projects\LPC\lpcopen\lpc_board_nxp_lpcxpresso_4337\Debug\liblpc_board_nxp_lpcxpresso_4337.a(board.o) (Chip_UART_Init)
C:\Users\Felix\Desktop\Projects\LPC\lpcopen\lpc_chip_43xx\Debug\liblpc_chip_43xx.a(ring_buffer.o)
                              C:\Users\Felix\Desktop\Projects\LPC\lpcopen\lpc_chip_43xx\Debug\liblpc_chip_43xx.a(uart_18xx_43xx.o) (RingBuffer_Insert)
c:/nxp/lpcxpresso_8.2.2_650/lpcxpresso/tools/bin/../lib/gcc/arm-none-eabi/5.4.1/../../../../arm-none-eabi/lib/armv7e-m/softfp\libcr_nohost.a(_cr__main.o)
                              ./example/src/cr_startup_lpc43xx.o (__main)
c:/nxp/lpcxpresso_8.2.2_650/lpcxpresso/tools/bin/../lib/gcc/arm-none-eabi/5.4.1/../../../../arm-none-eabi/lib/armv7e-m/softfp\libcr_c.a(memcpy.o)
                              C:\Users\Felix\Desktop\Projects\LPC\lpcopen\lpc_board_nxp_lpcxpresso_4337\Debug\liblpc_board_nxp_lpcxpresso_4337.a(board.o) (memcpy)
c:/nxp/lpcxpresso_8.2.2_650/lpcxpresso/tools/bin/../lib/gcc/arm-none-eabi/5.4.1/../../../../arm-none-eabi/lib/armv7e-m/softfp\libcr_c.a(memset.o)
                              ./example/src/iox_sensor.o (memset)
c:/nxp/lpcxpresso_8.2.2_650/lpcxpresso/tools/bin/../lib/gcc/arm-none-eabi/5.4.1/../../../../arm-none-eabi/lib/armv7e-m/softfp\libcr_c.a(fpprintf.o)
                              ./example/src/iox_sensor.o (snprintf)
c:/nxp/lpcxpresso_8.2.2_650/lpcxpresso/tools/bin/../lib/gcc/arm-none-eabi/5.4.1/../../../../arm-none-eabi/lib/armv7e-m/softfp\libcr_c.a(initio.o)
                              c:/nxp/lpcxpresso_8.2.2_650/lpcxpresso/tools/bin/../lib/gcc/arm-none-eabi/5.4.1/../../../../arm-none-eabi/lib/armv7e-m/softfp\libcr_nohost.a(_cr__main.o) (_initio)
c:/nxp/lpcxpresso_8.2.2_650/lpcxpresso/tools/bin/../lib/gcc/arm-none-eabi/5.4.1/../../../../arm-none-eabi/lib/armv7e-m/softfp\libcr_c.a(printf.o)
                              c:/nxp/lpcxpresso_8.2.2_650/lpcxpresso/tools/bin/../lib/gcc/arm-none-eabi/5.4.1/../../../../arm-none-eabi/lib/armv7e-m/softfp\libcr_c.a(fpprintf.o) (__vfprintf)
c:/nxp/lpcxpresso_8.2.2_650/lpcxpresso/tools/bin/../lib/gcc/arm-none-eabi/5.4.1/../../../../arm-none-eabi/lib/armv7e-m/softfp\libcr_c.a(setvbuf.o)
[...]
Memory Configuration

Name             Origin             Length             Attributes
MFlashA512       0x1a000000         0x00080000         xr
MFlashB512       0x1b000000         0x00080000         xr
RamLoc32         0x10000000         0x00008000         xrw
RamLoc40         0x10080000         0x0000a000         xrw
RamAHB32         0x20000000         0x00008000         xrw
RamAHB16         0x20008000         0x00004000         xrw
RamAHB_ETB16     0x2000c000         0x00004000         xrw
*default*        0x00000000         0xffffffff

Linker script and memory map

LOAD ./example/src/cr_startup_lpc43xx.o
LOAD ./example/src/iox_sensor.o
LOAD ./example/src/lpc_rom8x8.o
LOAD ./example/src/sysinit.o
LOAD C:\Users\Felix\Desktop\Projects\LPC\lpcopen\lpc_board_nxp_lpcxpresso_4337\Debug\liblpc_board_nxp_lpcxpresso_4337.a
LOAD C:\Users\Felix\Desktop\Projects\LPC\lpcopen\lpc_chip_43xx\Debug\liblpc_chip_43xx.a
START GROUP
LOAD c:/nxp/lpcxpresso_8.2.2_650/lpcxpresso/tools/bin/../lib/gcc/arm-none-eabi/5.4.1/../../../../arm-none-eabi/lib/armv7e-m/softfp\libcr_nohost.a
LOAD c:/nxp/lpcxpresso_8.2.2_650/lpcxpresso/tools/bin/../lib/gcc/arm-none-eabi/5.4.1/../../../../arm-none-eabi/lib/armv7e-m/softfp\libcr_c.a
LOAD c:/nxp/lpcxpresso_8.2.2_650/lpcxpresso/tools/bin/../lib/gcc/arm-none-eabi/5.4.1/armv7e-m/softfp\libcr_eabihelpers.a
END GROUP
                0x1a000000                __base_MFlashA512 = 0x1a000000
                0x1a000000                __base_Flash = 0x1a000000
                0x1a080000                __top_MFlashA512 = 0x1a080000
                0x1a080000                __top_Flash = 0x1a080000
                0x1b000000                __base_MFlashB512 = 0x1b000000
                0x1b000000                __base_Flash2 = 0x1b000000
                0x1b080000                __top_MFlashB512 = 0x1b080000
                0x1b080000                __top_Flash2 = 0x1b080000
                0x10000000                __base_RamLoc32 = 0x10000000
                0x10000000                __base_RAM = 0x10000000
                0x10008000                __top_RamLoc32 = 0x10008000
                0x10008000                __top_RAM = 0x10008000
                0x10080000                __base_RamLoc40 = 0x10080000
                0x10080000                __base_RAM2 = 0x10080000
                0x1008a000                __top_RamLoc40 = 0x1008a000
                0x1008a000                __top_RAM2 = 0x1008a000
                0x20000000                __base_RamAHB32 = 0x20000000
                0x20000000                __base_RAM3 = 0x20000000
                0x20008000                __top_RamAHB32 = 0x20008000
                0x20008000                __top_RAM3 = 0x20008000
                0x20008000                __base_RamAHB16 = 0x20008000
                0x20008000                __base_RAM4 = 0x20008000
                0x2000c000                __top_RamAHB16 = 0x2000c000
                0x2000c000                __top_RAM4 = 0x2000c000
                0x2000c000                __base_RamAHB_ETB16 = 0x2000c000
                0x2000c000                __base_RAM5 = 0x2000c000
                0x20010000                __top_RamAHB_ETB16 = 0x20010000
                0x20010000                __top_RAM5 = 0x20010000

.text_Flash2    0x1b000000        0x0
 FILL mask 0xff
 *(.text_Flash2*)
 *(.text_MFlashB512*)
 *(.text.$Flash2*)
 *(.text.$MFlashB512*)
 *(.rodata.$Flash2*)
 *(.rodata.$MFlashB512*)

.text           0x1a000000     0x4f10
 FILL mask 0xff
                0x1a000000                __vectors_start__ = ABSOLUTE (.)
 *(.isr_vector)
 .isr_vector    0x1a000000      0x114 ./example/src/cr_startup_lpc43xx.o
                0x1a000000                g_pfnVectors
                0x1a000114                . = ALIGN (0x4)
                0x1a000114                __section_table_start = .
                0x1a000114                __data_section_table = .
                0x1a000114        0x4 LONG 0x1a004f10 LOADADDR (.data)
                0x1a000118        0x4 LONG 0x10000000 ADDR (.data)
                0x1a00011c        0x4 LONG 0x123c SIZEOF (.data)
                0x1a000120        0x4 LONG 0x1a004f10 LOADADDR (.data_RAM2)
                0x1a000124        0x4 LONG 0x10080000 ADDR (.data_RAM2)
                0x1a000128        0x4 LONG 0x0 SIZEOF (.data_RAM2)
                0x1a00012c        0x4 LONG 0x1a004f10 LOADADDR (.data_RAM3)
                0x1a000130        0x4 LONG 0x20000000 ADDR (.data_RAM3)
                0x1a000134        0x4 LONG 0x0 SIZEOF (.data_RAM3)
                0x1a000138        0x4 LONG 0x1a004f10 LOADADDR (.data_RAM4)
                0x1a00013c        0x4 LONG 0x20008000 ADDR (.data_RAM4)
                0x1a000140        0x4 LONG 0x0 SIZEOF (.data_RAM4)
                0x1a000144        0x4 LONG 0x1a004f10 LOADADDR (.data_RAM5)
                0x1a000148        0x4 LONG 0x2000c000 ADDR (.data_RAM5)
                0x1a00014c        0x4 LONG 0x0 SIZEOF (.data_RAM5)
                0x1a000150                __data_section_table_end = .
                0x1a000150                __bss_section_table = .
                0x1a000150        0x4 LONG 0x1000123c ADDR (.bss)
                0x1a000154        0x4 LONG 0x578 SIZEOF (.bss)
                0x1a000158        0x4 LONG 0x10080000 ADDR (.bss_RAM2)
                0x1a00015c        0x4 LONG 0x0 SIZEOF (.bss_RAM2)
                0x1a000160        0x4 LONG 0x20000000 ADDR (.bss_RAM3)
                0x1a000164        0x4 LONG 0x0 SIZEOF (.bss_RAM3)
                0x1a000168        0x4 LONG 0x20008000 ADDR (.bss_RAM4)
                0x1a00016c        0x4 LONG 0x0 SIZEOF (.bss_RAM4)
                0x1a000170        0x4 LONG 0x2000c000 ADDR (.bss_RAM5)
                0x1a000174        0x4 LONG 0x0 SIZEOF (.bss_RAM5)
                0x1a000178                __bss_section_table_end = .
                0x1a000178                __section_table_end = .
 *(.after_vectors*)
 .after_vectors
                0x1a000178       0xcc ./example/src/cr_startup_lpc43xx.o
                0x1a000178                data_init
                0x1a0001bc                bss_init
                0x1a0001f4                NMI_Handler
                0x1a0001fc                HardFault_Handler
                0x1a000204                MemManage_Handler
                0x1a00020c                BusFault_Handler
                0x1a000214                UsageFault_Handler
                0x1a00021c                SVC_Handler
                0x1a000224                DebugMon_Handler
                0x1a00022c                PendSV_Handler
                0x1a00023c                UART1_IRQHandler
                0x1a00023c                GPIO5_IRQHandler
                0x1a00023c                CAN1_IRQHandler
                0x1a00023c                USB1_IRQHandler
                0x1a00023c                I2S0_IRQHandler
                0x1a00023c                TIMER3_IRQHandler
                0x1a00023c                UART0_IRQHandler
                0x1a00023c                SDIO_IRQHandler
                0x1a00023c                SGPIO_IRQHandler
                0x1a00023c                ADC0_IRQHandler
                0x1a00023c                FLASH_EEPROM_IRQHandler
                0x1a00023c                ADCHS_IRQHandler
                0x1a00023c                IntDefaultHandler
                0x1a00023c                GPIO1_IRQHandler
                0x1a00023c                ATIMER_IRQHandler
                0x1a00023c                ADC1_IRQHandler
                0x1a00023c                RTC_IRQHandler
                0x1a00023c                TIMER0_IRQHandler
                0x1a00023c                SPI_IRQHandler
                0x1a00023c                LCD_IRQHandler
                0x1a00023c                RIT_IRQHandler
                0x1a00023c                TIMER1_IRQHandler
                0x1a00023c                UART2_IRQHandler
                0x1a00023c                GPIO2_IRQHandler
                0x1a00023c                I2S1_IRQHandler
                0x1a00023c                SSP1_IRQHandler
                0x1a00023c                USB0_IRQHandler
                0x1a00023c                GPIO3_IRQHandler
                0x1a00023c                SCT_IRQHandler
                0x1a00023c                SSP0_IRQHandler
                0x1a00023c                WDT_IRQHandler
                0x1a00023c                GPIO6_IRQHandler
                0x1a00023c                GPIO7_IRQHandler
                0x1a00023c                SPIFI_IRQHandler
                0x1a00023c                QEI_IRQHandler
                0x1a00023c                ETH_IRQHandler
                0x1a00023c                CAN0_IRQHandler
                0x1a00023c                GINT0_IRQHandler
                0x1a00023c                DAC_IRQHandler
                0x1a00023c                M0SUB_IRQHandler
                0x1a00023c                GPIO0_IRQHandler
                0x1a00023c                DMA_IRQHandler
                0x1a00023c                EVRT_IRQHandler
                0x1a00023c                TIMER2_IRQHandler
                0x1a00023c                UART3_IRQHandler
                0x1a00023c                MCPWM_IRQHandler
                0x1a00023c                M0APP_IRQHandler
                0x1a00023c                GINT1_IRQHandler
                0x1a00023c                GPIO4_IRQHandler
 *(.text*)
 .text.ResetISR
                0x1a000244       0xc4 ./example/src/cr_startup_lpc43xx.o
                0x1a000244                ResetISR
 .text.NVIC_EnableIRQ
                0x1a000308       0x34 ./example/src/iox_sensor.o
 .text.NVIC_SetPriority
                0x1a00033c       0x54 ./example/src/iox_sensor.o
 .text.SysTick_Config
                0x1a000390       0x44 ./example/src/iox_sensor.o
 .text.i2c_init
                0x1a0003d4       0x34 ./example/src/iox_sensor.o
 .text.temp_update
                0x1a000408       0xdc ./example/src/iox_sensor.o
 .text.SysTick_Handler
                0x1a0004e4       0x1c ./example/src/iox_sensor.o
                0x1a0004e4                SysTick_Handler
 .text.I2C1_IRQHandler
                0x1a000500       0x10 ./example/src/iox_sensor.o
                0x1a000500                I2C1_IRQHandler
 .text.I2C0_IRQHandler
                0x1a000510       0x10 ./example/src/iox_sensor.o
                0x1a000510                I2C0_IRQHandler
 .text.main     0x1a000520       0x60 ./example/src/iox_sensor.o
                0x1a000520                main
 .text.SystemInit
                0x1a000580       0x28 ./example/src/sysinit.o
                0x1a000580                SystemInit
 .text.Chip_SCU_PinMuxSet
                0x1a0005a8       0x34 C:\Users\Felix\Desktop\Projects\LPC\lpcopen\lpc_board_nxp_lpcxpresso_4337\Debug\liblpc_board_nxp_lpcxpresso_4337.a(board.o)
 .text.Chip_SCU_I2C0PinConfig
                0x1a0005dc       0x20 C:\Users\Felix\Desktop\Projects\LPC\lpcopen\lpc_board_nxp_lpcxpresso_4337\Debug\liblpc_board_nxp_lpcxpresso_4337.a(board.o)
 .text.Chip_ENET_RMIIEnable
                0x1a0005fc       0x28 C:\Users\Felix\Desktop\Projects\LPC\lpcopen\lpc_board_nxp_lpcxpresso_4337\Debug\liblpc_board_nxp_lpcxpresso_4337.a(board.o)
 .text.Chip_GPIO_SetPinState
                0x1a000624       0x38 C:\Users\Felix\Desktop\Projects\LPC\lpcopen\lpc_board_nxp_lpcxpresso_4337\Debug\liblpc_board_nxp_lpcxpresso_4337.a(board.o)
 .text.Chip_GPIO_SetPinDIROutput
                0x1a00065c       0x40 C:\Users\Felix\Desktop\Projects\LPC\lpcopen\lpc_board_nxp_lpcxpresso_4337\Debug\liblpc_board_nxp_lpcxpresso_4337.a(board.o)
 .text.Chip_GPIO_SetPinOutHigh
                0x1a00069c       0x34 C:\Users\Felix\Desktop\Projects\LPC\lpcopen\lpc_board_nxp_lpcxpresso_4337\Debug\liblpc_board_nxp_lpcxpresso_4337.a(board.o)
 .text.Chip_SSP_Enable
                0x1a0006d0       0x20 C:\Users\Felix\Desktop\Projects\LPC\lpcopen\lpc_board_nxp_lpcxpresso_4337\Debug\liblpc_board_nxp_lpcxpresso_4337.a(board.o)
 .text.Chip_SSP_SetFormat
                0x1a0006f0       0x34 C:\Users\Felix\Desktop\Projects\LPC\lpcopen\lpc_board_nxp_lpcxpresso_4337\Debug\liblpc_board_nxp_lpcxpresso_4337.a(board.o)
 .text.Chip_SSP_Set_Mode
                0x1a000724       0x28 C:\Users\Felix\Desktop\Projects\LPC\lpcopen\lpc_board_nxp_lpcxpresso_4337\Debug\liblpc_board_nxp_lpcxpresso_4337.a(board.o)
 .text.Board_LED_Init
                0x1a00074c       0x5c C:\Users\Felix\Desktop\Projects\LPC\lpcopen\lpc_board_nxp_lpcxpresso_4337\Debug\liblpc_board_nxp_lpcxpresso_4337.a(board.o)
 .text.Board_Init
                0x1a0007a8       0x20 C:\Users\Felix\Desktop\Projects\LPC\lpcopen\lpc_board_nxp_lpcxpresso_4337\Debug\liblpc_board_nxp_lpcxpresso_4337.a(board.o)
                0x1a0007a8                Board_Init
 .text.Board_I2C_Init
                0x1a0007c8       0x38 C:\Users\Felix\Desktop\Projects\LPC\lpcopen\lpc_board_nxp_lpcxpresso_4337\Debug\liblpc_board_nxp_lpcxpresso_4337.a(board.o)
                0x1a0007c8                Board_I2C_Init
 .text.Board_SSP_Init
                0x1a000800       0x6c C:\Users\Felix\Desktop\Projects\LPC\lpcopen\lpc_board_nxp_lpcxpresso_4337\Debug\liblpc_board_nxp_lpcxpresso_4337.a(board.o)
                0x1a000800                Board_SSP_Init
 .text.Board_LCD_Init
                0x1a00086c       0x84 C:\Users\Felix\Desktop\Projects\LPC\lpcopen\lpc_board_nxp_lpcxpresso_4337\Debug\liblpc_board_nxp_lpcxpresso_4337.a(board.o)
                0x1a00086c                Board_LCD_Init
 .text.Board_LCD_WriteData
                0x1a0008f0       0x40 C:\Users\Felix\Desktop\Projects\LPC\lpcopen\lpc_board_nxp_lpcxpresso_4337\Debug\liblpc_board_nxp_lpcxpresso_4337.a(board.o)
                0x1a0008f0                Board_LCD_WriteData
 .text.Chip_SCU_PinMuxSet
                0x1a000930       0x34 C:\Users\Felix\Desktop\Projects\LPC\lpcopen\lpc_board_nxp_lpcxpresso_4337\Debug\liblpc_board_nxp_lpcxpresso_4337.a(board_sysinit.o)
 .text.Chip_SCU_SetPinMuxing
                0x1a000964       0x4c C:\Users\Felix\Desktop\Projects\LPC\lpcopen\lpc_board_nxp_lpcxpresso_4337\Debug\liblpc_board_nxp_lpcxpresso_4337.a(board_sysinit.o)
 .text.Chip_CREG_SetFlashAcceleration
                0x1a0009b0       0x54 C:\Users\Felix\Desktop\Projects\LPC\lpcopen\lpc_board_nxp_lpcxpresso_4337\Debug\liblpc_board_nxp_lpcxpresso_4337.a(board_sysinit.o)
 .text.Board_SetupMuxing
                0x1a000a04       0x14 C:\Users\Felix\Desktop\Projects\LPC\lpcopen\lpc_board_nxp_lpcxpresso_4337\Debug\liblpc_board_nxp_lpcxpresso_4337.a(board_sysinit.o)
                0x1a000a04                Board_SetupMuxing
 .text.Board_SetupClocking
                0x1a000a18       0x80 C:\Users\Felix\Desktop\Projects\LPC\lpcopen\lpc_board_nxp_lpcxpresso_4337\Debug\liblpc_board_nxp_lpcxpresso_4337.a(board_sysinit.o)
                0x1a000a18                Board_SetupClocking
 .text.Board_SystemInit
                0x1a000a98       0x10 C:\Users\Felix\Desktop\Projects\LPC\lpcopen\lpc_board_nxp_lpcxpresso_4337\Debug\liblpc_board_nxp_lpcxpresso_4337.a(board_sysinit.o)
                0x1a000a98                Board_SystemInit
 .text.Chip_GPIO_SetPinOutHigh
                0x1a000aa8       0x34 C:\Users\Felix\Desktop\Projects\LPC\lpcopen\lpc_board_nxp_lpcxpresso_4337\Debug\liblpc_board_nxp_lpcxpresso_4337.a(lcd_st7565s.o)
 .text.Chip_GPIO_SetPinOutLow
                0x1a000adc       0x34 C:\Users\Felix\Desktop\Projects\LPC\lpcopen\lpc_board_nxp_lpcxpresso_4337\Debug\liblpc_board_nxp_lpcxpresso_4337.a(lcd_st7565s.o)
 .text.LCD_WriteCmd
                0x1a000b10       0x38 C:\Users\Felix\Desktop\Projects\LPC\lpcopen\lpc_board_nxp_lpcxpresso_4337\Debug\liblpc_board_nxp_lpcxpresso_4337.a(lcd_st7565s.o)
 .text.LCD_SetRAMAddr
                0x1a000b48       0x48 C:\Users\Felix\Desktop\Projects\LPC\lpcopen\lpc_board_nxp_lpcxpresso_4337\Debug\liblpc_board_nxp_lpcxpresso_4337.a(lcd_st7565s.o)
 .text.LCD_GetCharWidth
                0x1a000b90       0x3c C:\Users\Felix\Desktop\Projects\LPC\lpcopen\lpc_board_nxp_lpcxpresso_4337\Debug\liblpc_board_nxp_lpcxpresso_4337.a(lcd_st7565s.o)
 .text.LCD_Init
                0x1a000bcc       0x70 C:\Users\Felix\Desktop\Projects\LPC\lpcopen\lpc_board_nxp_lpcxpresso_4337\Debug\liblpc_board_nxp_lpcxpresso_4337.a(lcd_st7565s.o)
                0x1a000bcc                LCD_Init
 .text.LCD_Refresh
                0x1a000c3c       0x88 C:\Users\Felix\Desktop\Projects\LPC\lpcopen\lpc_board_nxp_lpcxpresso_4337\Debug\liblpc_board_nxp_lpcxpresso_4337.a(lcd_st7565s.o)
                0x1a000c3c                LCD_Refresh
 .text.LCD_SetPixel
                0x1a000cc4       0xac C:\Users\Felix\Desktop\Projects\LPC\lpcopen\lpc_board_nxp_lpcxpresso_4337\Debug\liblpc_board_nxp_lpcxpresso_4337.a(lcd_st7565s.o)
                0x1a000cc4                LCD_SetPixel
 .text.LCD_FillRect
                0x1a000d70       0x54 C:\Users\Felix\Desktop\Projects\LPC\lpcopen\lpc_board_nxp_lpcxpresso_4337\Debug\liblpc_board_nxp_lpcxpresso_4337.a(lcd_st7565s.o)
                0x1a000d70                LCD_FillRect
 .text.LCD_SetFontColor
                0x1a000dc4       0x20 C:\Users\Felix\Desktop\Projects\LPC\lpcopen\lpc_board_nxp_lpcxpresso_4337\Debug\liblpc_board_nxp_lpcxpresso_4337.a(lcd_st7565s.o)
                0x1a000dc4                LCD_SetFontColor
 .text.LCD_SetFontBgColor
                0x1a000de4       0x20 C:\Users\Felix\Desktop\Projects\LPC\lpcopen\lpc_board_nxp_lpcxpresso_4337\Debug\liblpc_board_nxp_lpcxpresso_4337.a(lcd_st7565s.o)
                0x1a000de4                LCD_SetFontBgColor
 .text.LCD_SetFont
                0x1a000e04       0x20 C:\Users\Felix\Desktop\Projects\LPC\lpcopen\lpc_board_nxp_lpcxpresso_4337\Debug\liblpc_board_nxp_lpcxpresso_4337.a(lcd_st7565s.o)
                0x1a000e04                LCD_SetFont
 .text.LCD_PutCharXY
                0x1a000e24      0x12c C:\Users\Felix\Desktop\Projects\LPC\lpcopen\lpc_board_nxp_lpcxpresso_4337\Debug\liblpc_board_nxp_lpcxpresso_4337.a(lcd_st7565s.o)
                0x1a000e24                LCD_PutCharXY
 .text.LCD_PutStrXY
                0x1a000f50       0x40 C:\Users\Felix\Desktop\Projects\LPC\lpcopen\lpc_board_nxp_lpcxpresso_4337\Debug\liblpc_board_nxp_lpcxpresso_4337.a(lcd_st7565s.o)
                0x1a000f50                LCD_PutStrXY
 .text.SystemCoreClockUpdate
                0x1a000f90       0x18 C:\Users\Felix\Desktop\Projects\LPC\lpcopen\lpc_chip_43xx\Debug\liblpc_chip_43xx.a(chip_18xx_43xx.o)
                0x1a000f90                SystemCoreClockUpdate
 .text.ABS      0x1a000fa8       0x24 C:\Users\Felix\Desktop\Projects\LPC\lpcopen\lpc_chip_43xx\Debug\liblpc_chip_43xx.a(clock_18xx_43xx.o)
 .text.pll_calc_divs
                0x1a000fcc      0x124 C:\Users\Felix\Desktop\Projects\LPC\lpcopen\lpc_chip_43xx\Debug\liblpc_chip_43xx.a(clock_18xx_43xx.o)
 .text.pll_get_frac
                0x1a0010f0      0x180 C:\Users\Felix\Desktop\Projects\LPC\lpcopen\lpc_chip_43xx\Debug\liblpc_chip_43xx.a(clock_18xx_43xx.o)
 .text.Chip_Clock_GetDivRate
                0x1a001270       0x40 C:\Users\Felix\Desktop\Projects\LPC\lpcopen\lpc_chip_43xx\Debug\liblpc_chip_43xx.a(clock_18xx_43xx.o)
 .text.Chip_Clock_FindBaseClock
                0x1a0012b0       0x90 C:\Users\Felix\Desktop\Projects\LPC\lpcopen\lpc_chip_43xx\Debug\liblpc_chip_43xx.a(clock_18xx_43xx.o)
 .text.Chip_Clock_EnableCrystal
                0x1a001340       0x70 C:\Users\Felix\Desktop\Projects\LPC\lpcopen\lpc_chip_43xx\Debug\liblpc_chip_43xx.a(clock_18xx_43xx.o)
                0x1a001340                Chip_Clock_EnableCrystal
 .text.Chip_Clock_CalcMainPLLValue
                0x1a0013b0       0xd8 C:\Users\Felix\Desktop\Projects\LPC\lpcopen\lpc_chip_43xx\Debug\liblpc_chip_43xx.a(clock_18xx_43xx.o)
                0x1a0013b0                Chip_Clock_CalcMainPLLValue
 .text.Chip_Clock_GetMainPLLHz
                0x1a001488       0xc0 C:\Users\Felix\Desktop\Projects\LPC\lpcopen\lpc_chip_43xx\Debug\liblpc_chip_43xx.a(clock_18xx_43xx.o)
                0x1a001488                Chip_Clock_GetMainPLLHz
 .text.Chip_Clock_GetDividerSource
                0x1a001548       0x40 C:\Users\Felix\Desktop\Projects\LPC\lpcopen\lpc_chip_43xx\Debug\liblpc_chip_43xx.a(clock_18xx_43xx.o)
                0x1a001548                Chip_Clock_GetDividerSource
 .text.Chip_Clock_GetDividerDivisor
                0x1a001588       0x38 C:\Users\Felix\Desktop\Projects\LPC\lpcopen\lpc_chip_43xx\Debug\liblpc_chip_43xx.a(clock_18xx_43xx.o)
                0x1a001588                Chip_Clock_GetDividerDivisor
 .text.Chip_Clock_GetClockInputHz
                0x1a0015c0      0x140 C:\Users\Felix\Desktop\Projects\LPC\lpcopen\lpc_chip_43xx\Debug\liblpc_chip_43xx.a(clock_18xx_43xx.o)
                0x1a0015c0                Chip_Clock_GetClockInputHz
 .text.Chip_Clock_GetBaseClocktHz
                0x1a001700       0x24 C:\Users\Felix\Desktop\Projects\LPC\lpcopen\lpc_chip_43xx\Debug\liblpc_chip_43xx.a(clock_18xx_43xx.o)
                0x1a001700                Chip_Clock_GetBaseClocktHz
 .text.Chip_Clock_SetBaseClock
                0x1a001724       0x9c C:\Users\Felix\Desktop\Projects\LPC\lpcopen\lpc_chip_43xx\Debug\liblpc_chip_43xx.a(clock_18xx_43xx.o)
                0x1a001724                Chip_Clock_SetBaseClock
 .text.Chip_Clock_GetBaseClock
                0x1a0017c0       0x4c C:\Users\Felix\Desktop\Projects\LPC\lpcopen\lpc_chip_43xx\Debug\liblpc_chip_43xx.a(clock_18xx_43xx.o)
                0x1a0017c0                Chip_Clock_GetBaseClock
 .text.Chip_Clock_Enable
                0x1a00180c       0x60 C:\Users\Felix\Desktop\Projects\LPC\lpcopen\lpc_chip_43xx\Debug\liblpc_chip_43xx.a(clock_18xx_43xx.o)
                0x1a00180c                Chip_Clock_Enable
 .text.Chip_Clock_GetRate
                0x1a00186c       0x88 C:\Users\Felix\Desktop\Projects\LPC\lpcopen\lpc_chip_43xx\Debug\liblpc_chip_43xx.a(clock_18xx_43xx.o)
                0x1a00186c                Chip_Clock_GetRate
 .text.fpuInit  0x1a0018f4       0x74 C:\Users\Felix\Desktop\Projects\LPC\lpcopen\lpc_chip_43xx\Debug\liblpc_chip_43xx.a(fpu_init.o)
                0x1a0018f4                fpuInit
 .text.Chip_GPIO_Init
                0x1a001968       0x14 C:\Users\Felix\Desktop\Projects\LPC\lpcopen\lpc_chip_43xx\Debug\liblpc_chip_43xx.a(gpio_18xx_43xx.o)
                0x1a001968                Chip_GPIO_Init
 .text.enableClk
                0x1a00197c       0x30 C:\Users\Felix\Desktop\Projects\LPC\lpcopen\lpc_chip_43xx\Debug\liblpc_chip_43xx.a(i2c_18xx_43xx.o)
 .text.getClkRate
                0x1a0019ac       0x30 C:\Users\Felix\Desktop\Projects\LPC\lpcopen\lpc_chip_43xx\Debug\liblpc_chip_43xx.a(i2c_18xx_43xx.o)
 .text.startMasterXfer
                0x1a0019dc       0x20 C:\Users\Felix\Desktop\Projects\LPC\lpcopen\lpc_chip_43xx\Debug\liblpc_chip_43xx.a(i2c_18xx_43xx.o)
 .text.startSlaverXfer
                0x1a0019fc       0x20 C:\Users\Felix\Desktop\Projects\LPC\lpcopen\lpc_chip_43xx\Debug\liblpc_chip_43xx.a(i2c_18xx_43xx.o)
 .text.isI2CBusFree
                0x1a001a1c       0x28 C:\Users\Felix\Desktop\Projects\LPC\lpcopen\lpc_chip_43xx\Debug\liblpc_chip_43xx.a(i2c_18xx_43xx.o)
 .text.getCurState
                0x1a001a44       0x1c C:\Users\Felix\Desktop\Projects\LPC\lpcopen\lpc_chip_43xx\Debug\liblpc_chip_43xx.a(i2c_18xx_43xx.o)
 .text.handleMasterXferState
                0x1a001a60      0x298 C:\Users\Felix\Desktop\Projects\LPC\lpcopen\lpc_chip_43xx\Debug\liblpc_chip_43xx.a(i2c_18xx_43xx.o)
                0x1a001a60                handleMasterXferState
 .text.Chip_I2C_EventHandler
                0x1a001cf8       0x4c C:\Users\Felix\Desktop\Projects\LPC\lpcopen\lpc_chip_43xx\Debug\liblpc_chip_43xx.a(i2c_18xx_43xx.o)
                0x1a001cf8                Chip_I2C_EventHandler
 .text.Chip_I2C_Init
                0x1a001d44       0x34 C:\Users\Felix\Desktop\Projects\LPC\lpcopen\lpc_chip_43xx\Debug\liblpc_chip_43xx.a(i2c_18xx_43xx.o)
                0x1a001d44                Chip_I2C_Init
 .text.Chip_I2C_SetClockRate
                0x1a001d78       0x68 C:\Users\Felix\Desktop\Projects\LPC\lpcopen\lpc_chip_43xx\Debug\liblpc_chip_43xx.a(i2c_18xx_43xx.o)
                0x1a001d78                Chip_I2C_SetClockRate
 .text.Chip_I2C_SetMasterEventHandler
                0x1a001de0       0x4c C:\Users\Felix\Desktop\Projects\LPC\lpcopen\lpc_chip_43xx\Debug\liblpc_chip_43xx.a(i2c_18xx_43xx.o)
                0x1a001de0                Chip_I2C_SetMasterEventHandler
 .text.Chip_I2C_MasterTransfer
                0x1a001e2c       0x9c C:\Users\Felix\Desktop\Projects\LPC\lpcopen\lpc_chip_43xx\Debug\liblpc_chip_43xx.a(i2c_18xx_43xx.o)
                0x1a001e2c                Chip_I2C_MasterTransfer
 .text.Chip_I2C_MasterSend
                0x1a001ec8       0x58 C:\Users\Felix\Desktop\Projects\LPC\lpcopen\lpc_chip_43xx\Debug\liblpc_chip_43xx.a(i2c_18xx_43xx.o)
                0x1a001ec8                Chip_I2C_MasterSend
 .text.Chip_I2C_MasterRead
                0x1a001f20       0x54 C:\Users\Felix\Desktop\Projects\LPC\lpcopen\lpc_chip_43xx\Debug\liblpc_chip_43xx.a(i2c_18xx_43xx.o)
                0x1a001f20                Chip_I2C_MasterRead
 .text.Chip_I2C_MasterStateHandler
                0x1a001f74       0x60 C:\Users\Felix\Desktop\Projects\LPC\lpcopen\lpc_chip_43xx\Debug\liblpc_chip_43xx.a(i2c_18xx_43xx.o)
                0x1a001f74                Chip_I2C_MasterStateHandler
 .text.Chip_SSP_GetStatus
                0x1a001fd4       0x2c C:\Users\Felix\Desktop\Projects\LPC\lpcopen\lpc_chip_43xx\Debug\liblpc_chip_43xx.a(ssp_18xx_43xx.o)
 .text.Chip_SSP_GetRawIntStatus
                0x1a002000       0x2c C:\Users\Felix\Desktop\Projects\LPC\lpcopen\lpc_chip_43xx\Debug\liblpc_chip_43xx.a(ssp_18xx_43xx.o)
 .text.Chip_SSP_GetDataSize
                0x1a00202c       0x20 C:\Users\Felix\Desktop\Projects\LPC\lpcopen\lpc_chip_43xx\Debug\liblpc_chip_43xx.a(ssp_18xx_43xx.o)
 .text.Chip_SSP_ClearIntPending
                0x1a00204c       0x20 C:\Users\Felix\Desktop\Projects\LPC\lpcopen\lpc_chip_43xx\Debug\liblpc_chip_43xx.a(ssp_18xx_43xx.o)
 .text.Chip_SSP_ReceiveFrame
                0x1a00206c       0x1c C:\Users\Felix\Desktop\Projects\LPC\lpcopen\lpc_chip_43xx\Debug\liblpc_chip_43xx.a(ssp_18xx_43xx.o)
 .text.Chip_SSP_SendFrame
                0x1a002088       0x20 C:\Users\Felix\Desktop\Projects\LPC\lpcopen\lpc_chip_43xx\Debug\liblpc_chip_43xx.a(ssp_18xx_43xx.o)
 .text.Chip_SSP_SetFormat
                0x1a0020a8       0x34 C:\Users\Felix\Desktop\Projects\LPC\lpcopen\lpc_chip_43xx\Debug\liblpc_chip_43xx.a(ssp_18xx_43xx.o)
 .text.Chip_SSP_Set_Mode
                0x1a0020dc       0x28 C:\Users\Felix\Desktop\Projects\LPC\lpcopen\lpc_chip_43xx\Debug\liblpc_chip_43xx.a(ssp_18xx_43xx.o)
 .text.Chip_SSP_GetClockIndex
                0x1a002104       0x2c C:\Users\Felix\Desktop\Projects\LPC\lpcopen\lpc_chip_43xx\Debug\liblpc_chip_43xx.a(ssp_18xx_43xx.o)
 .text.Chip_SSP_GetPeriphClockIndex
                0x1a002130       0x30 C:\Users\Felix\Desktop\Projects\LPC\lpcopen\lpc_chip_43xx\Debug\liblpc_chip_43xx.a(ssp_18xx_43xx.o)
 .text.Chip_SSP_SetClockRate
                0x1a002160       0x38 C:\Users\Felix\Desktop\Projects\LPC\lpcopen\lpc_chip_43xx\Debug\liblpc_chip_43xx.a(ssp_18xx_43xx.o)
                0x1a002160                Chip_SSP_SetClockRate
 .text.Chip_SSP_WriteFrames_Blocking
                0x1a002198      0x134 C:\Users\Felix\Desktop\Projects\LPC\lpcopen\lpc_chip_43xx\Debug\liblpc_chip_43xx.a(ssp_18xx_43xx.o)
                0x1a002198                Chip_SSP_WriteFrames_Blocking
 .text.Chip_SSP_SetBitRate
                0x1a0022cc       0x74 C:\Users\Felix\Desktop\Projects\LPC\lpcopen\lpc_chip_43xx\Debug\liblpc_chip_43xx.a(ssp_18xx_43xx.o)
                0x1a0022cc                Chip_SSP_SetBitRate
 .text.Chip_SSP_Init
                0x1a002340       0x4c C:\Users\Felix\Desktop\Projects\LPC\lpcopen\lpc_chip_43xx\Debug\liblpc_chip_43xx.a(ssp_18xx_43xx.o)
                0x1a002340                Chip_SSP_Init
 .text.Chip_Clock_DisableMainPLL
                0x1a00238c       0x20 C:\Users\Felix\Desktop\Projects\LPC\lpcopen\lpc_chip_43xx\Debug\liblpc_chip_43xx.a(sysinit_18xx_43xx.o)
 .text.Chip_Clock_SetupMainPLL
                0x1a0023ac       0x44 C:\Users\Felix\Desktop\Projects\LPC\lpcopen\lpc_chip_43xx\Debug\liblpc_chip_43xx.a(sysinit_18xx_43xx.o)
 .text.Chip_Clock_MainPLLLocked
                0x1a0023f0       0x24 C:\Users\Felix\Desktop\Projects\LPC\lpcopen\lpc_chip_43xx\Debug\liblpc_chip_43xx.a(sysinit_18xx_43xx.o)
 .text.Chip_SetupCoreClock
                0x1a002414      0x148 C:\Users\Felix\Desktop\Projects\LPC\lpcopen\lpc_chip_43xx\Debug\liblpc_chip_43xx.a(sysinit_18xx_43xx.o)
                0x1a002414                Chip_SetupCoreClock
 .text.__main   0x1a00255c       0x14 c:/nxp/lpcxpresso_8.2.2_650/lpcxpresso/tools/bin/../lib/gcc/arm-none-eabi/5.4.1/../../../../arm-none-eabi/lib/armv7e-m/softfp\libcr_nohost.a(_cr__main.o)
                0x1a00255c                __main
 .text.memset   0x1a002570        0x4 c:/nxp/lpcxpresso_8.2.2_650/lpcxpresso/tools/bin/../lib/gcc/arm-none-eabi/5.4.1/../../../../arm-none-eabi/lib/armv7e-m/softfp\libcr_c.a(memset.o)
                0x1a002570                memset
 .text.fp_round
                0x1a002574       0x4e c:/nxp/lpcxpresso_8.2.2_650/lpcxpresso/tools/bin/../lib/gcc/arm-none-eabi/5.4.1/../../../../arm-none-eabi/lib/armv7e-m/softfp\libcr_c.a(fpprintf.o)
 .text.pr_dec.constprop.1
                0x1a0025c2       0x26 c:/nxp/lpcxpresso_8.2.2_650/lpcxpresso/tools/bin/../lib/gcc/arm-none-eabi/5.4.1/../../../../arm-none-eabi/lib/armv7e-m/softfp\libcr_c.a(fpprintf.o)
 .text.sprintf  0x1a0025e8       0x6c c:/nxp/lpcxpresso_8.2.2_650/lpcxpresso/tools/bin/../lib/gcc/arm-none-eabi/5.4.1/../../../../arm-none-eabi/lib/armv7e-m/softfp\libcr_c.a(fpprintf.o)
                0x1a0025e8                sprintf
 *fill*         0x1a002654        0x4 ff
 .text.fp_display
                0x1a002658      0x8f8 c:/nxp/lpcxpresso_8.2.2_650/lpcxpresso/tools/bin/../lib/gcc/arm-none-eabi/5.4.1/../../../../arm-none-eabi/lib/armv7e-m/softfp\libcr_c.a(fpprintf.o)
 .text.snprintf
                0x1a002f50       0x68 c:/nxp/lpcxpresso_8.2.2_650/lpcxpresso/tools/bin/../lib/gcc/arm-none-eabi/5.4.1/../../../../arm-none-eabi/lib/armv7e-m/softfp\libcr_c.a(fpprintf.o)
                0x1a002f50                snprintf
 .text.vsnprintf
                0x1a002fb8       0x5c c:/nxp/lpcxpresso_8.2.2_650/lpcxpresso/tools/bin/../lib/gcc/arm-none-eabi/5.4.1/../../../../arm-none-eabi/lib/armv7e-m/softfp\libcr_c.a(fpprintf.o)
                0x1a002fb8                vsnprintf
 .text.printf   0x1a003014       0x54 c:/nxp/lpcxpresso_8.2.2_650/lpcxpresso/tools/bin/../lib/gcc/arm-none-eabi/5.4.1/../../../../arm-none-eabi/lib/armv7e-m/softfp\libcr_c.a(fpprintf.o)
                0x1a003014                printf
 .text._initio  0x1a003068       0xa4 c:/nxp/lpcxpresso_8.2.2_650/lpcxpresso/tools/bin/../lib/gcc/arm-none-eabi/5.4.1/../../../../arm-none-eabi/lib/armv7e-m/softfp\libcr_c.a(initio.o)
                0x1a003068                _initio
 .text.__vfprintf
                0x1a00310c      0xd48 c:/nxp/lpcxpresso_8.2.2_650/lpcxpresso/tools/bin/../lib/gcc/arm-none-eabi/5.4.1/../../../../arm-none-eabi/lib/armv7e-m/softfp\libcr_c.a(printf.o)
                0x1a00310c                __vfprintf
 .text.setvbuf  0x1a003e54       0x40 c:/nxp/lpcxpresso_8.2.2_650/lpcxpresso/tools/bin/../lib/gcc/arm-none-eabi/5.4.1/../../../../arm-none-eabi/lib/armv7e-m/softfp\libcr_c.a(setvbuf.o)
                0x1a003e54                setvbuf
 .text.strlen   0x1a003e94       0x4a c:/nxp/lpcxpresso_8.2.2_650/lpcxpresso/tools/bin/../lib/gcc/arm-none-eabi/5.4.1/../../../../arm-none-eabi/lib/armv7e-m/softfp\libcr_c.a(strlen.o)
                0x1a003e94                strlen
 .text._deferredlazyseek
                0x1a003ede       0x44 c:/nxp/lpcxpresso_8.2.2_650/lpcxpresso/tools/bin/../lib/gcc/arm-none-eabi/5.4.1/../../../../arm-none-eabi/lib/armv7e-m/softfp\libcr_c.a(_deferredlazyseek.o)
                0x1a003ede                _deferredlazyseek
 .text.__flsbuf
                0x1a003f22      0x140 c:/nxp/lpcxpresso_8.2.2_650/lpcxpresso/tools/bin/../lib/gcc/arm-none-eabi/5.4.1/../../../../arm-none-eabi/lib/armv7e-m/softfp\libcr_c.a(_deferredlazyseek.o)
                0x1a003f22                __flsbuf
 .text._fdopen  0x1a004062       0x6a c:/nxp/lpcxpresso_8.2.2_650/lpcxpresso/tools/bin/../lib/gcc/arm-none-eabi/5.4.1/../../../../arm-none-eabi/lib/armv7e-m/softfp\libcr_c.a(_fdopen.o)
                0x1a004062                _fdopen
 .text._fflush  0x1a0040cc       0x58 c:/nxp/lpcxpresso_8.2.2_650/lpcxpresso/tools/bin/../lib/gcc/arm-none-eabi/5.4.1/../../../../arm-none-eabi/lib/armv7e-m/softfp\libcr_c.a(_fflush.o)
                0x1a0040cc                _fflush
 .text._frexpl  0x1a004124       0x5a c:/nxp/lpcxpresso_8.2.2_650/lpcxpresso/tools/bin/../lib/gcc/arm-none-eabi/5.4.1/../../../../arm-none-eabi/lib/armv7e-m/softfp\libcr_c.a(_frexpl.o)
                0x1a004124                _frexpl
 *fill*         0x1a00417e        0x2 ff
 .text._ldexpl  0x1a004180       0x4c c:/nxp/lpcxpresso_8.2.2_650/lpcxpresso/tools/bin/../lib/gcc/arm-none-eabi/5.4.1/../../../../arm-none-eabi/lib/armv7e-m/softfp\libcr_c.a(_ldexpl.o)
                0x1a004180                _ldexpl
 .text._Cwritebuf
                0x1a0041cc       0x68 c:/nxp/lpcxpresso_8.2.2_650/lpcxpresso/tools/bin/../lib/gcc/arm-none-eabi/5.4.1/../../../../arm-none-eabi/lib/armv7e-m/softfp\libcr_c.a(_writebuf.o)
                0x1a0041cc                _Cwritebuf
 .text.malloc   0x1a004234       0xc8 c:/nxp/lpcxpresso_8.2.2_650/lpcxpresso/tools/bin/../lib/gcc/arm-none-eabi/5.4.1/../../../../arm-none-eabi/lib/armv7e-m/softfp\libcr_c.a(alloc.o)
                0x1a004234                malloc
 .text.free     0x1a0042fc       0x30 c:/nxp/lpcxpresso_8.2.2_650/lpcxpresso/tools/bin/../lib/gcc/arm-none-eabi/5.4.1/../../../../arm-none-eabi/lib/armv7e-m/softfp\libcr_c.a(alloc.o)
                0x1a0042fc                free
 .text._Csys_alloc
                0x1a00432c       0x20 c:/nxp/lpcxpresso_8.2.2_650/lpcxpresso/tools/bin/../lib/gcc/arm-none-eabi/5.4.1/../../../../arm-none-eabi/lib/armv7e-m/softfp\libcr_c.a(alloc.o)
                0x1a00432c                _Csys_alloc
 .text.fclose   0x1a00434c       0x6c c:/nxp/lpcxpresso_8.2.2_650/lpcxpresso/tools/bin/../lib/gcc/arm-none-eabi/5.4.1/../../../../arm-none-eabi/lib/armv7e-m/softfp\libcr_c.a(fclose.o)
                0x1a00434c                fclose
 .text.fflush   0x1a0043b8       0x30 c:/nxp/lpcxpresso_8.2.2_650/lpcxpresso/tools/bin/../lib/gcc/arm-none-eabi/5.4.1/../../../../arm-none-eabi/lib/armv7e-m/softfp\libcr_c.a(fflush.o)
                0x1a0043b8                fflush
 .text.fseek    0x1a0043e8      0x110 c:/nxp/lpcxpresso_8.2.2_650/lpcxpresso/tools/bin/../lib/gcc/arm-none-eabi/5.4.1/../../../../arm-none-eabi/lib/armv7e-m/softfp\libcr_c.a(fseek.o)
                0x1a0043e8                fseek
 .text.ftell    0x1a0044f8       0x4c c:/nxp/lpcxpresso_8.2.2_650/lpcxpresso/tools/bin/../lib/gcc/arm-none-eabi/5.4.1/../../../../arm-none-eabi/lib/armv7e-m/softfp\libcr_c.a(ftell.o)
                0x1a0044f8                ftell
 .text.remove   0x1a004544       0x14 c:/nxp/lpcxpresso_8.2.2_650/lpcxpresso/tools/bin/../lib/gcc/arm-none-eabi/5.4.1/../../../../arm-none-eabi/lib/armv7e-m/softfp\libcr_c.a(remove.o)
                0x1a004544                remove
 .text._sbrk    0x1a004558       0x40 c:/nxp/lpcxpresso_8.2.2_650/lpcxpresso/tools/bin/../lib/gcc/arm-none-eabi/5.4.1/../../../../arm-none-eabi/lib/armv7e-m/softfp\libcr_c.a(_cr_sbrk.o)
                0x1a004558                _sbrk
 .text._do_fflush
                0x1a004598       0x44 c:/nxp/lpcxpresso_8.2.2_650/lpcxpresso/tools/bin/../lib/gcc/arm-none-eabi/5.4.1/../../../../arm-none-eabi/lib/armv7e-m/softfp\libcr_c.a(_do_fflush.o)
                0x1a004598                _do_fflush
 .text.__check_heap_overflow
                0x1a0045dc       0x18 c:/nxp/lpcxpresso_8.2.2_650/lpcxpresso/tools/bin/../lib/gcc/arm-none-eabi/5.4.1/../../../../arm-none-eabi/lib/armv7e-m/softfp\libcr_c.a(_cr_check_heap.o)
                0x1a0045dc                __check_heap_overflow
 .text.__aeabi_dmul
                0x1a0045f4      0x110 c:/nxp/lpcxpresso_8.2.2_650/lpcxpresso/tools/bin/../lib/gcc/arm-none-eabi/5.4.1/armv7e-m/softfp\libcr_eabihelpers.a(double.o)
                0x1a0045f4                __aeabi_dmul
 .text.__aeabi_ddiv
                0x1a004704      0x13c c:/nxp/lpcxpresso_8.2.2_650/lpcxpresso/tools/bin/../lib/gcc/arm-none-eabi/5.4.1/armv7e-m/softfp\libcr_eabihelpers.a(double.o)
                0x1a004704                __aeabi_ddiv
 .text.__aeabi_dsub
                0x1a004840      0x1b4 c:/nxp/lpcxpresso_8.2.2_650/lpcxpresso/tools/bin/../lib/gcc/arm-none-eabi/5.4.1/armv7e-m/softfp\libcr_eabihelpers.a(double.o)
                0x1a004840                __aeabi_dsub
 .text.__aeabi_dadd
                0x1a0049f4      0x114 c:/nxp/lpcxpresso_8.2.2_650/lpcxpresso/tools/bin/../lib/gcc/arm-none-eabi/5.4.1/armv7e-m/softfp\libcr_eabihelpers.a(double.o)
                0x1a0049f4                __aeabi_dadd
 .text.__aeabi_d2iz
                0x1a004b08       0x40 c:/nxp/lpcxpresso_8.2.2_650/lpcxpresso/tools/bin/../lib/gcc/arm-none-eabi/5.4.1/armv7e-m/softfp\libcr_eabihelpers.a(double.o)
                0x1a004b08                __aeabi_d2iz
 .text.__bhs_ui2d
                0x1a004b48       0x46 c:/nxp/lpcxpresso_8.2.2_650/lpcxpresso/tools/bin/../lib/gcc/arm-none-eabi/5.4.1/armv7e-m/softfp\libcr_eabihelpers.a(double.o)
                0x1a004b48                __bhs_ui2d
 .text.__aeabi_i2d
                0x1a004b8e       0x10 c:/nxp/lpcxpresso_8.2.2_650/lpcxpresso/tools/bin/../lib/gcc/arm-none-eabi/5.4.1/armv7e-m/softfp\libcr_eabihelpers.a(double.o)
                0x1a004b8e                __aeabi_i2d
 .text.__aeabi_dcmpeq
                0x1a004b9e       0x30 c:/nxp/lpcxpresso_8.2.2_650/lpcxpresso/tools/bin/../lib/gcc/arm-none-eabi/5.4.1/armv7e-m/softfp\libcr_eabihelpers.a(double.o)
                0x1a004b9e                __aeabi_dcmpeq
 .text.__aeabi_dcmplt
                0x1a004bce       0x58 c:/nxp/lpcxpresso_8.2.2_650/lpcxpresso/tools/bin/../lib/gcc/arm-none-eabi/5.4.1/armv7e-m/softfp\libcr_eabihelpers.a(double.o)
                0x1a004bce                __aeabi_dcmplt
 .text.__aeabi_dcmple
                0x1a004c26       0x54 c:/nxp/lpcxpresso_8.2.2_650/lpcxpresso/tools/bin/../lib/gcc/arm-none-eabi/5.4.1/armv7e-m/softfp\libcr_eabihelpers.a(double.o)
                0x1a004c26                __aeabi_dcmple
 .text.__aeabi_dcmpge
                0x1a004c7a       0x54 c:/nxp/lpcxpresso_8.2.2_650/lpcxpresso/tools/bin/../lib/gcc/arm-none-eabi/5.4.1/armv7e-m/softfp\libcr_eabihelpers.a(double.o)
                0x1a004c7a                __aeabi_dcmpge
 .text.__aeabi_memset_lowlevel
                0x1a004cce       0x32 c:/nxp/lpcxpresso_8.2.2_650/lpcxpresso/tools/bin/../lib/gcc/arm-none-eabi/5.4.1/armv7e-m/softfp\libcr_eabihelpers.a(memcpy.o)
                0x1a004cce                __aeabi_lowlevel_memset
 .text.__sys_appexit
                0x1a004d00        0x2 c:/nxp/lpcxpresso_8.2.2_650/lpcxpresso/tools/bin/../lib/gcc/arm-none-eabi/5.4.1/../../../../arm-none-eabi/lib/armv7e-m/softfp\libcr_nohost.a(__sys_appexit.o)
                0x1a004d00                __sys_appexit
                0x1a004d00                __exit
 .text.__sys_close
                0x1a004d02        0x6 c:/nxp/lpcxpresso_8.2.2_650/lpcxpresso/tools/bin/../lib/gcc/arm-none-eabi/5.4.1/../../../../arm-none-eabi/lib/armv7e-m/softfp\libcr_nohost.a(__sys_close.o)
                0x1a004d02                __sys_close
 .text.__sys_flen
                0x1a004d08        0x6 c:/nxp/lpcxpresso_8.2.2_650/lpcxpresso/tools/bin/../lib/gcc/arm-none-eabi/5.4.1/../../../../arm-none-eabi/lib/armv7e-m/softfp\libcr_nohost.a(__sys_flen.o)
                0x1a004d08                __sys_flen
 .text.__sys_istty
                0x1a004d0e        0x6 c:/nxp/lpcxpresso_8.2.2_650/lpcxpresso/tools/bin/../lib/gcc/arm-none-eabi/5.4.1/../../../../arm-none-eabi/lib/armv7e-m/softfp\libcr_nohost.a(__sys_istty.o)
                0x1a004d0e                __sys_istty
 .text.__sys_remove
                0x1a004d14        0x6 c:/nxp/lpcxpresso_8.2.2_650/lpcxpresso/tools/bin/../lib/gcc/arm-none-eabi/5.4.1/../../../../arm-none-eabi/lib/armv7e-m/softfp\libcr_nohost.a(__sys_remove.o)
                0x1a004d14                __sys_remove
 .text.__sys_seek
                0x1a004d1a        0x6 c:/nxp/lpcxpresso_8.2.2_650/lpcxpresso/tools/bin/../lib/gcc/arm-none-eabi/5.4.1/../../../../arm-none-eabi/lib/armv7e-m/softfp\libcr_nohost.a(__sys_seek.o)
                0x1a004d1a                __sys_seek
 .text.__sys_tmpnam
                0x1a004d20        0x6 c:/nxp/lpcxpresso_8.2.2_650/lpcxpresso/tools/bin/../lib/gcc/arm-none-eabi/5.4.1/../../../../arm-none-eabi/lib/armv7e-m/softfp\libcr_nohost.a(__sys_tmpnam.o)
                0x1a004d20                __sys_tmpnam
 .text.__sys_write
                0x1a004d26        0x4 c:/nxp/lpcxpresso_8.2.2_650/lpcxpresso/tools/bin/../lib/gcc/arm-none-eabi/5.4.1/../../../../arm-none-eabi/lib/armv7e-m/softfp\libcr_nohost.a(__sys_write.o)
                0x1a004d26                __sys_write
                0x1a004d26                __write
 *(.rodata .rodata.* .constdata .constdata.*)
 *fill*         0x1a004d2a        0x2 ff
 .rodata        0x1a004d2c       0x2b ./example/src/iox_sensor.o
 *fill*         0x1a004d57        0x1 ff
 .rodata.font_rom8x8
                0x1a004d58        0xc ./example/src/lpc_rom8x8.o
                0x1a004d58                font_rom8x8
 .rodata.ExtRateIn
                0x1a004d64        0x4 C:\Users\Felix\Desktop\Projects\LPC\lpcopen\lpc_board_nxp_lpcxpresso_4337\Debug\liblpc_board_nxp_lpcxpresso_4337.a(board.o)
                0x1a004d64                ExtRateIn
 .rodata.OscRateIn
                0x1a004d68        0x4 C:\Users\Felix\Desktop\Projects\LPC\lpcopen\lpc_board_nxp_lpcxpresso_4337\Debug\liblpc_board_nxp_lpcxpresso_4337.a(board.o)
                0x1a004d68                OscRateIn
 .rodata.gpioLEDBits
                0x1a004d6c        0x6 C:\Users\Felix\Desktop\Projects\LPC\lpcopen\lpc_board_nxp_lpcxpresso_4337\Debug\liblpc_board_nxp_lpcxpresso_4337.a(board.o)
 *fill*         0x1a004d72        0x2 ff
 .rodata.InitClkStates
                0x1a004d74        0xc C:\Users\Felix\Desktop\Projects\LPC\lpcopen\lpc_board_nxp_lpcxpresso_4337\Debug\liblpc_board_nxp_lpcxpresso_4337.a(board_sysinit.o)
 .rodata.pinmuxing
                0x1a004d80       0x34 C:\Users\Felix\Desktop\Projects\LPC\lpcopen\lpc_board_nxp_lpcxpresso_4337\Debug\liblpc_board_nxp_lpcxpresso_4337.a(board_sysinit.o)
 .rodata.lcd_init_cmd
                0x1a004db4        0xe C:\Users\Felix\Desktop\Projects\LPC\lpcopen\lpc_board_nxp_lpcxpresso_4337\Debug\liblpc_board_nxp_lpcxpresso_4337.a(lcd_st7565s.o)
 *fill*         0x1a004dc2        0x2 ff
 .rodata.periph_to_base
                0x1a004dc4       0x6c C:\Users\Felix\Desktop\Projects\LPC\lpcopen\lpc_chip_43xx\Debug\liblpc_chip_43xx.a(clock_18xx_43xx.o)
 .rodata        0x1a004e30        0xa C:\Users\Felix\Desktop\Projects\LPC\lpcopen\lpc_chip_43xx\Debug\liblpc_chip_43xx.a(clock_18xx_43xx.o)
 *fill*         0x1a004e3a        0x2 ff
 .rodata.InitClkStates
                0x1a004e3c       0x48 C:\Users\Felix\Desktop\Projects\LPC\lpcopen\lpc_chip_43xx\Debug\liblpc_chip_43xx.a(sysinit_18xx_43xx.o)
 .rodata.str1.1
                0x1a004e84       0x34 c:/nxp/lpcxpresso_8.2.2_650/lpcxpresso/tools/bin/../lib/gcc/arm-none-eabi/5.4.1/../../../../arm-none-eabi/lib/armv7e-m/softfp\libcr_c.a(fpprintf.o)
                                 0x35 (size before relaxing)
 .rodata.str1.1
                0x1a004eb8        0x4 c:/nxp/lpcxpresso_8.2.2_650/lpcxpresso/tools/bin/../lib/gcc/arm-none-eabi/5.4.1/../../../../arm-none-eabi/lib/armv7e-m/softfp\libcr_c.a(initio.o)
 .rodata.str1.1
                0x1a004ebc       0x31 c:/nxp/lpcxpresso_8.2.2_650/lpcxpresso/tools/bin/../lib/gcc/arm-none-eabi/5.4.1/../../../../arm-none-eabi/lib/armv7e-m/softfp\libcr_c.a(printf.o)
                                 0x38 (size before relaxing)
 .rodata.str1.1
                0x1a004eed       0x18 c:/nxp/lpcxpresso_8.2.2_650/lpcxpresso/tools/bin/../lib/gcc/arm-none-eabi/5.4.1/../../../../arm-none-eabi/lib/armv7e-m/softfp\libcr_c.a(alloc.o)
 *fill*         0x1a004f05        0x3 ff
 .rodata.__huge_vall
                0x1a004f08        0x8 c:/nxp/lpcxpresso_8.2.2_650/lpcxpresso/tools/bin/../lib/gcc/arm-none-eabi/5.4.1/../../../../arm-none-eabi/lib/armv7e-m/softfp\libcr_c.a(_hugeval.o)
                0x1a004f08                __huge_vall
                0x1a004f10                . = ALIGN (0x4)

.glue_7         0x1a004f10        0x0
 .glue_7        0x1a004f10        0x0 linker stubs

.glue_7t        0x1a004f10        0x0
 .glue_7t       0x1a004f10        0x0 linker stubs

.vfp11_veneer   0x1a004f10        0x0
 .vfp11_veneer  0x1a004f10        0x0 linker stubs

.v4_bx          0x1a004f10        0x0
 .v4_bx         0x1a004f10        0x0 linker stubs

.iplt           0x1a004f10        0x0
 .iplt          0x1a004f10        0x0 ./example/src/cr_startup_lpc43xx.o

.rel.dyn        0x1a004f10        0x0
 .rel.iplt      0x1a004f10        0x0 ./example/src/cr_startup_lpc43xx.o

.ARM.extab
 *(.ARM.extab* .gnu.linkonce.armextab.*)
                0x1a004f10                __exidx_start = .

.ARM.exidx
 *(.ARM.exidx* .gnu.linkonce.armexidx.*)
                0x1a004f10                __exidx_end = .
                0x1a004f10                _etext = .

.data_RAM2      0x10080000        0x0 load address 0x1a004f10
 FILL mask 0xff
                [!provide]                PROVIDE (__start_data_RAM2, .)
 *(.ramfunc.$RAM2)
 *(.ramfunc.$RamLoc40)
 *(.data.$RAM2*)
 *(.data.$RamLoc40*)
                0x10080000                . = ALIGN (0x4)
                [!provide]                PROVIDE (__end_data_RAM2, .)

.data_RAM3      0x20000000        0x0 load address 0x1a004f10
 FILL mask 0xff
                [!provide]                PROVIDE (__start_data_RAM3, .)
 *(.ramfunc.$RAM3)
 *(.ramfunc.$RamAHB32)
 *(.data.$RAM3*)
 *(.data.$RamAHB32*)
                0x20000000                . = ALIGN (0x4)
                [!provide]                PROVIDE (__end_data_RAM3, .)

.data_RAM4      0x20008000        0x0 load address 0x1a004f10
 FILL mask 0xff
                [!provide]                PROVIDE (__start_data_RAM4, .)
 *(.ramfunc.$RAM4)
 *(.ramfunc.$RamAHB16)
 *(.data.$RAM4*)
 *(.data.$RamAHB16*)
                0x20008000                . = ALIGN (0x4)
                [!provide]                PROVIDE (__end_data_RAM4, .)

.data_RAM5      0x2000c000        0x0 load address 0x1a004f10
 FILL mask 0xff
                [!provide]                PROVIDE (__start_data_RAM5, .)
 *(.ramfunc.$RAM5)
 *(.ramfunc.$RamAHB_ETB16)
 *(.data.$RAM5*)
 *(.data.$RamAHB_ETB16*)
                0x2000c000                . = ALIGN (0x4)
                [!provide]                PROVIDE (__end_data_RAM5, .)

.uninit_RESERVED
                0x10000000        0x0
 *(.bss.$RESERVED*)
                0x10000000                . = ALIGN (0x4)
                0x10000000                _end_uninit_RESERVED = .

.data           0x10000000     0x123c load address 0x1a004f10
 FILL mask 0xff
                0x10000000                _data = .
 *(vtable)
 *(.ramfunc*)
 *(.data*)
 .data.rom8x8_bits
                0x10000000     0x1000 ./example/src/lpc_rom8x8.o
 .data.rom8x8_width
                0x10001000      0x200 ./example/src/lpc_rom8x8.o
 .data.cf       0x10001200        0x4 C:\Users\Felix\Desktop\Projects\LPC\lpcopen\lpc_board_nxp_lpcxpresso_4337\Debug\liblpc_board_nxp_lpcxpresso_4337.a(lcd_st7565s.o)
 .data.i2c      0x10001204       0x38 C:\Users\Felix\Desktop\Projects\LPC\lpcopen\lpc_chip_43xx\Debug\liblpc_chip_43xx.a(i2c_18xx_43xx.o)
                0x1000123c                . = ALIGN (0x4)
                0x1000123c                _edata = .

.igot.plt       0x1000123c        0x0 load address 0x1a00614c
 .igot.plt      0x1000123c        0x0 ./example/src/cr_startup_lpc43xx.o

.bss_RAM2       0x10080000        0x0
                [!provide]                PROVIDE (__start_bss_RAM2, .)
 *(.bss.$RAM2*)
 *(.bss.$RamLoc40*)
                0x10080000                . = ALIGN ((. != 0x0)?0x4:0x1)
                [!provide]                PROVIDE (__end_bss_RAM2, .)

.bss_RAM3       0x20000000        0x0
                [!provide]                PROVIDE (__start_bss_RAM3, .)
 *(.bss.$RAM3*)
 *(.bss.$RamAHB32*)
                0x20000000                . = ALIGN ((. != 0x0)?0x4:0x1)
                [!provide]                PROVIDE (__end_bss_RAM3, .)

.bss_RAM4       0x20008000        0x0
                [!provide]                PROVIDE (__start_bss_RAM4, .)
 *(.bss.$RAM4*)
 *(.bss.$RamAHB16*)
                0x20008000                . = ALIGN ((. != 0x0)?0x4:0x1)
                [!provide]                PROVIDE (__end_bss_RAM4, .)

.bss_RAM5       0x2000c000        0x0
                [!provide]                PROVIDE (__start_bss_RAM5, .)
 *(.bss.$RAM5*)
 *(.bss.$RamAHB_ETB16*)
                0x2000c000                . = ALIGN ((. != 0x0)?0x4:0x1)
                [!provide]                PROVIDE (__end_bss_RAM5, .)

.bss            0x1000123c      0x578
                0x1000123c                _bss = .
 *(.bss*)
 .bss.tick      0x1000123c        0x4 ./example/src/iox_sensor.o
 .bss.lcd_cfg_val
                0x10001240        0x4 C:\Users\Felix\Desktop\Projects\LPC\lpcopen\lpc_board_nxp_lpcxpresso_4337\Debug\liblpc_board_nxp_lpcxpresso_4337.a(board.o)
 .bss.cfont     0x10001244       0x14 C:\Users\Felix\Desktop\Projects\LPC\lpcopen\lpc_board_nxp_lpcxpresso_4337\Debug\liblpc_board_nxp_lpcxpresso_4337.a(lcd_st7565s.o)
 .bss.fbuffer   0x10001258      0x400 C:\Users\Felix\Desktop\Projects\LPC\lpcopen\lpc_board_nxp_lpcxpresso_4337\Debug\liblpc_board_nxp_lpcxpresso_4337.a(lcd_st7565s.o)
 .bss.audio_usb_pll_freq
                0x10001658        0x8 C:\Users\Felix\Desktop\Projects\LPC\lpcopen\lpc_chip_43xx\Debug\liblpc_chip_43xx.a(clock_18xx_43xx.o)
 .bss._extra    0x10001660        0x4 c:/nxp/lpcxpresso_8.2.2_650/lpcxpresso/tools/bin/../lib/gcc/arm-none-eabi/5.4.1/../../../../arm-none-eabi/lib/armv7e-m/softfp\libcr_c.a(initio.o)
                0x10001660                _extra
 .bss.__Ciob    0x10001664      0x140 c:/nxp/lpcxpresso_8.2.2_650/lpcxpresso/tools/bin/../lib/gcc/arm-none-eabi/5.4.1/../../../../arm-none-eabi/lib/armv7e-m/softfp\libcr_c.a(stdio.o)
                0x10001664                __Ciob
 .bss.errno     0x100017a4        0x4 c:/nxp/lpcxpresso_8.2.2_650/lpcxpresso/tools/bin/../lib/gcc/arm-none-eabi/5.4.1/../../../../arm-none-eabi/lib/armv7e-m/softfp\libcr_c.a(errno.o)
                0x100017a4                errno
 .bss.__heaps   0x100017a8        0x4 c:/nxp/lpcxpresso_8.2.2_650/lpcxpresso/tools/bin/../lib/gcc/arm-none-eabi/5.4.1/../../../../arm-none-eabi/lib/armv7e-m/softfp\libcr_c.a(__init_alloc.o)
                0x100017a8                __heaps
 .bss.__end_of_heap
                0x100017ac        0x4 c:/nxp/lpcxpresso_8.2.2_650/lpcxpresso/tools/bin/../lib/gcc/arm-none-eabi/5.4.1/../../../../arm-none-eabi/lib/armv7e-m/softfp\libcr_c.a(__init_alloc.o)
                0x100017ac                __end_of_heap
 *(COMMON)
 COMMON         0x100017b0        0x4 C:\Users\Felix\Desktop\Projects\LPC\lpcopen\lpc_chip_43xx\Debug\liblpc_chip_43xx.a(chip_18xx_43xx.o)
                0x100017b0                SystemCoreClock
                0x100017b4                . = ALIGN (0x4)
                0x100017b4                _ebss = .
                [!provide]                PROVIDE (end, .)

.noinit_RAM2    0x10080000        0x0
 *(.noinit.$RAM2*)
 *(.noinit.$RamLoc40*)
                0x10080000                . = ALIGN (0x4)

.noinit_RAM3    0x20000000        0x0
 *(.noinit.$RAM3*)
 *(.noinit.$RamAHB32*)
                0x20000000                . = ALIGN (0x4)

.noinit_RAM4    0x20008000        0x0
 *(.noinit.$RAM4*)
 *(.noinit.$RamAHB16*)
                0x20008000                . = ALIGN (0x4)

.noinit_RAM5    0x2000c000        0x0
 *(.noinit.$RAM5*)
 *(.noinit.$RamAHB_ETB16*)
                0x2000c000                . = ALIGN (0x4)

.noinit         0x100017b4        0x0
                0x100017b4                _noinit = .
 *(.noinit*)
                0x100017b4                . = ALIGN (0x4)
                0x100017b4                _end_noinit = .
                0x100017b4                PROVIDE (_pvHeapStart, DEFINED (__user_heap_base)?__user_heap_base:.)
                0x10008000                PROVIDE (_vStackTop, DEFINED (__user_stack_top)?__user_stack_top:(__top_RamLoc32 - 0x0))
                [!provide]                PROVIDE (__valid_user_code_checksum, (0x0 - ((((((_vStackTop + (ResetISR + 0x1)) + (NMI_Handler + 0x1)) + (HardFault_Handler + 0x1)) + (DEFINED (MemManage_Handler)?MemManage_Handler:0x0 + 0x1)) + (DEFINED (BusFault_Handler)?BusFault_Handler:0x0 + 0x1)) + (DEFINED (UsageFault_Handler)?UsageFault_Handler:0x0 + 0x1))))
OUTPUT(upThermostat.axf elf32-littlearm)

.debug_info     0x00000000     0x8bea
 .debug_info    0x00000000      0x297 ./example/src/cr_startup_lpc43xx.o
 .debug_info    0x00000297      0xd49 ./example/src/iox_sensor.o
 .debug_info    0x00000fe0      0x14f ./example/src/lpc_rom8x8.o
 .debug_info    0x0000112f       0xea ./example/src/sysinit.o
 .debug_info    0x00001219     0x193f C:\Users\Felix\Desktop\Projects\LPC\lpcopen\lpc_board_nxp_lpcxpresso_4337\Debug\liblpc_board_nxp_lpcxpresso_4337.a(board.o)
 .debug_info    0x00002b58      0xb56 C:\Users\Felix\Desktop\Projects\LPC\lpcopen\lpc_board_nxp_lpcxpresso_4337\Debug\liblpc_board_nxp_lpcxpresso_4337.a(board_sysinit.o)
 .debug_info    0x000036ae      0xd22 C:\Users\Felix\Desktop\Projects\LPC\lpcopen\lpc_board_nxp_lpcxpresso_4337\Debug\liblpc_board_nxp_lpcxpresso_4337.a(lcd_st7565s.o)
 .debug_info    0x000043d0      0xa31 C:\Users\Felix\Desktop\Projects\LPC\lpcopen\lpc_chip_43xx\Debug\liblpc_chip_43xx.a(chip_18xx_43xx.o)
 .debug_info    0x00004e01     0x1590 C:\Users\Felix\Desktop\Projects\LPC\lpcopen\lpc_chip_43xx\Debug\liblpc_chip_43xx.a(clock_18xx_43xx.o)
 .debug_info    0x00006391      0x128 C:\Users\Felix\Desktop\Projects\LPC\lpcopen\lpc_chip_43xx\Debug\liblpc_chip_43xx.a(fpu_init.o)
 .debug_info    0x000064b9      0x1fd C:\Users\Felix\Desktop\Projects\LPC\lpcopen\lpc_chip_43xx\Debug\liblpc_chip_43xx.a(gpio_18xx_43xx.o)
 .debug_info    0x000066b6     0x104f C:\Users\Felix\Desktop\Projects\LPC\lpcopen\lpc_chip_43xx\Debug\liblpc_chip_43xx.a(i2c_18xx_43xx.o)
 .debug_info    0x00007705      0xbf3 C:\Users\Felix\Desktop\Projects\LPC\lpcopen\lpc_chip_43xx\Debug\liblpc_chip_43xx.a(ssp_18xx_43xx.o)
 .debug_info    0x000082f8      0x8f2 C:\Users\Felix\Desktop\Projects\LPC\lpcopen\lpc_chip_43xx\Debug\liblpc_chip_43xx.a(sysinit_18xx_43xx.o)

.debug_abbrev   0x00000000     0x1714
 .debug_abbrev  0x00000000       0xed ./example/src/cr_startup_lpc43xx.o
 .debug_abbrev  0x000000ed      0x24c ./example/src/iox_sensor.o
 .debug_abbrev  0x00000339       0xa3 ./example/src/lpc_rom8x8.o
 .debug_abbrev  0x000003dc       0x9c ./example/src/sysinit.o
 .debug_abbrev  0x00000478      0x31e C:\Users\Felix\Desktop\Projects\LPC\lpcopen\lpc_board_nxp_lpcxpresso_4337\Debug\liblpc_board_nxp_lpcxpresso_4337.a(board.o)
 .debug_abbrev  0x00000796      0x19a C:\Users\Felix\Desktop\Projects\LPC\lpcopen\lpc_board_nxp_lpcxpresso_4337\Debug\liblpc_board_nxp_lpcxpresso_4337.a(board_sysinit.o)
 .debug_abbrev  0x00000930      0x24d C:\Users\Felix\Desktop\Projects\LPC\lpcopen\lpc_board_nxp_lpcxpresso_4337\Debug\liblpc_board_nxp_lpcxpresso_4337.a(lcd_st7565s.o)
 .debug_abbrev  0x00000b7d      0x155 C:\Users\Felix\Desktop\Projects\LPC\lpcopen\lpc_chip_43xx\Debug\liblpc_chip_43xx.a(chip_18xx_43xx.o)
 .debug_abbrev  0x00000cd2      0x2cb C:\Users\Felix\Desktop\Projects\LPC\lpcopen\lpc_chip_43xx\Debug\liblpc_chip_43xx.a(clock_18xx_43xx.o)
 .debug_abbrev  0x00000f9d       0x84 C:\Users\Felix\Desktop\Projects\LPC\lpcopen\lpc_chip_43xx\Debug\liblpc_chip_43xx.a(fpu_init.o)
 .debug_abbrev  0x00001021       0xd0 C:\Users\Felix\Desktop\Projects\LPC\lpcopen\lpc_chip_43xx\Debug\liblpc_chip_43xx.a(gpio_18xx_43xx.o)
 .debug_abbrev  0x000010f1      0x25d C:\Users\Felix\Desktop\Projects\LPC\lpcopen\lpc_chip_43xx\Debug\liblpc_chip_43xx.a(i2c_18xx_43xx.o)
 .debug_abbrev  0x0000134e      0x241 C:\Users\Felix\Desktop\Projects\LPC\lpcopen\lpc_chip_43xx\Debug\liblpc_chip_43xx.a(ssp_18xx_43xx.o)
 .debug_abbrev  0x0000158f      0x185 C:\Users\Felix\Desktop\Projects\LPC\lpcopen\lpc_chip_43xx\Debug\liblpc_chip_43xx.a(sysinit_18xx_43xx.o)

.debug_aranges  0x00000000      0x788
 .debug_aranges
                0x00000000       0x80 ./example/src/cr_startup_lpc43xx.o
 .debug_aranges
                0x00000080       0x68 ./example/src/iox_sensor.o
 .debug_aranges
                0x000000e8       0x18 ./example/src/lpc_rom8x8.o
 .debug_aranges
                0x00000100       0x20 ./example/src/sysinit.o
 .debug_aranges
                0x00000120      0x160 C:\Users\Felix\Desktop\Projects\LPC\lpcopen\lpc_board_nxp_lpcxpresso_4337\Debug\liblpc_board_nxp_lpcxpresso_4337.a(board.o)
 .debug_aranges
                0x00000280       0x48 C:\Users\Felix\Desktop\Projects\LPC\lpcopen\lpc_board_nxp_lpcxpresso_4337\Debug\liblpc_board_nxp_lpcxpresso_4337.a(board_sysinit.o)
 .debug_aranges
                0x000002c8       0xb0 C:\Users\Felix\Desktop\Projects\LPC\lpcopen\lpc_board_nxp_lpcxpresso_4337\Debug\liblpc_board_nxp_lpcxpresso_4337.a(lcd_st7565s.o)
 .debug_aranges
                0x00000378       0x40 C:\Users\Felix\Desktop\Projects\LPC\lpcopen\lpc_chip_43xx\Debug\liblpc_chip_43xx.a(chip_18xx_43xx.o)
 .debug_aranges
                0x000003b8      0x138 C:\Users\Felix\Desktop\Projects\LPC\lpcopen\lpc_chip_43xx\Debug\liblpc_chip_43xx.a(clock_18xx_43xx.o)
 .debug_aranges
                0x000004f0       0x20 C:\Users\Felix\Desktop\Projects\LPC\lpcopen\lpc_chip_43xx\Debug\liblpc_chip_43xx.a(fpu_init.o)
 .debug_aranges
                0x00000510       0x28 C:\Users\Felix\Desktop\Projects\LPC\lpcopen\lpc_chip_43xx\Debug\liblpc_chip_43xx.a(gpio_18xx_43xx.o)
 .debug_aranges
                0x00000538      0x118 C:\Users\Felix\Desktop\Projects\LPC\lpcopen\lpc_chip_43xx\Debug\liblpc_chip_43xx.a(i2c_18xx_43xx.o)
 .debug_aranges
                0x00000650       0xe8 C:\Users\Felix\Desktop\Projects\LPC\lpcopen\lpc_chip_43xx\Debug\liblpc_chip_43xx.a(ssp_18xx_43xx.o)
 .debug_aranges
                0x00000738       0x50 C:\Users\Felix\Desktop\Projects\LPC\lpcopen\lpc_chip_43xx\Debug\liblpc_chip_43xx.a(sysinit_18xx_43xx.o)

.debug_ranges   0x00000000      0x6b8
 .debug_ranges  0x00000000       0x70 ./example/src/cr_startup_lpc43xx.o
 .debug_ranges  0x00000070       0x58 ./example/src/iox_sensor.o
 .debug_ranges  0x000000c8       0x10 ./example/src/sysinit.o
 .debug_ranges  0x000000d8      0x150 C:\Users\Felix\Desktop\Projects\LPC\lpcopen\lpc_board_nxp_lpcxpresso_4337\Debug\liblpc_board_nxp_lpcxpresso_4337.a(board.o)
 .debug_ranges  0x00000228       0x38 C:\Users\Felix\Desktop\Projects\LPC\lpcopen\lpc_board_nxp_lpcxpresso_4337\Debug\liblpc_board_nxp_lpcxpresso_4337.a(board_sysinit.o)
 .debug_ranges  0x00000260       0xa0 C:\Users\Felix\Desktop\Projects\LPC\lpcopen\lpc_board_nxp_lpcxpresso_4337\Debug\liblpc_board_nxp_lpcxpresso_4337.a(lcd_st7565s.o)
 .debug_ranges  0x00000300       0x30 C:\Users\Felix\Desktop\Projects\LPC\lpcopen\lpc_chip_43xx\Debug\liblpc_chip_43xx.a(chip_18xx_43xx.o)
 .debug_ranges  0x00000330      0x140 C:\Users\Felix\Desktop\Projects\LPC\lpcopen\lpc_chip_43xx\Debug\liblpc_chip_43xx.a(clock_18xx_43xx.o)
 .debug_ranges  0x00000470       0x10 C:\Users\Felix\Desktop\Projects\LPC\lpcopen\lpc_chip_43xx\Debug\liblpc_chip_43xx.a(fpu_init.o)
 .debug_ranges  0x00000480       0x18 C:\Users\Felix\Desktop\Projects\LPC\lpcopen\lpc_chip_43xx\Debug\liblpc_chip_43xx.a(gpio_18xx_43xx.o)
 .debug_ranges  0x00000498      0x108 C:\Users\Felix\Desktop\Projects\LPC\lpcopen\lpc_chip_43xx\Debug\liblpc_chip_43xx.a(i2c_18xx_43xx.o)
 .debug_ranges  0x000005a0       0xd8 C:\Users\Felix\Desktop\Projects\LPC\lpcopen\lpc_chip_43xx\Debug\liblpc_chip_43xx.a(ssp_18xx_43xx.o)
 .debug_ranges  0x00000678       0x40 C:\Users\Felix\Desktop\Projects\LPC\lpcopen\lpc_chip_43xx\Debug\liblpc_chip_43xx.a(sysinit_18xx_43xx.o)

.debug_macro    0x00000000     0x7641
 .debug_macro   0x00000000       0x1d ./example/src/cr_startup_lpc43xx.o
 .debug_macro   0x0000001d      0x8a4 ./example/src/cr_startup_lpc43xx.o
 .debug_macro   0x000008c1      0x352 ./example/src/iox_sensor.o
 .debug_macro   0x00000c13       0x10 ./example/src/iox_sensor.o
 .debug_macro   0x00000c23      0x12d ./example/src/iox_sensor.o
 .debug_macro   0x00000d50       0x28 ./example/src/iox_sensor.o
 .debug_macro   0x00000d78       0x10 ./example/src/iox_sensor.o
 .debug_macro   0x00000d88      0x5b2 ./example/src/iox_sensor.o
 .debug_macro   0x0000133a       0x22 ./example/src/iox_sensor.o
 .debug_macro   0x0000135c       0x74 ./example/src/iox_sensor.o
 .debug_macro   0x000013d0       0x28 ./example/src/iox_sensor.o
 .debug_macro   0x000013f8       0x3b ./example/src/iox_sensor.o
 .debug_macro   0x00001433       0x2d ./example/src/iox_sensor.o
 .debug_macro   0x00001460       0x42 ./example/src/iox_sensor.o
 .debug_macro   0x000014a2      0xd39 ./example/src/iox_sensor.o
 .debug_macro   0x000021db      0x2bc ./example/src/iox_sensor.o
 .debug_macro   0x00002497      0x112 ./example/src/iox_sensor.o
 .debug_macro   0x000025a9       0x11 ./example/src/iox_sensor.o
 .debug_macro   0x000025ba       0x2a ./example/src/iox_sensor.o
 .debug_macro   0x000025e4       0x16 ./example/src/iox_sensor.o
 .debug_macro   0x000025fa      0x2e6 ./example/src/iox_sensor.o
 .debug_macro   0x000028e0       0x82 ./example/src/iox_sensor.o
 .debug_macro   0x00002962      0x13d ./example/src/iox_sensor.o
 .debug_macro   0x00002a9f      0x198 ./example/src/iox_sensor.o
 .debug_macro   0x00002c37       0x34 ./example/src/iox_sensor.o
 .debug_macro   0x00002c6b       0x58 ./example/src/iox_sensor.o
 .debug_macro   0x00002cc3      0x236 ./example/src/iox_sensor.o
 .debug_macro   0x00002ef9      0x572 ./example/src/iox_sensor.o
 .debug_macro   0x0000346b       0x16 ./example/src/iox_sensor.o
 .debug_macro   0x00003481      0x18a ./example/src/iox_sensor.o
 .debug_macro   0x0000360b       0x88 ./example/src/iox_sensor.o
 .debug_macro   0x00003693      0x1b9 ./example/src/iox_sensor.o
 .debug_macro   0x0000384c      0x1da ./example/src/iox_sensor.o
 .debug_macro   0x00003a26       0x40 ./example/src/iox_sensor.o
 .debug_macro   0x00003a66       0x1c ./example/src/iox_sensor.o
 .debug_macro   0x00003a82       0x2e ./example/src/iox_sensor.o
 .debug_macro   0x00003ab0       0x2e ./example/src/iox_sensor.o
 .debug_macro   0x00003ade       0x22 ./example/src/iox_sensor.o
 .debug_macro   0x00003b00      0x201 ./example/src/iox_sensor.o
 .debug_macro   0x00003d01       0xe0 ./example/src/iox_sensor.o
 .debug_macro   0x00003de1      0x34c ./example/src/iox_sensor.o
 .debug_macro   0x0000412d       0xdc ./example/src/iox_sensor.o
 .debug_macro   0x00004209       0xc4 ./example/src/iox_sensor.o
 .debug_macro   0x000042cd       0x94 ./example/src/iox_sensor.o
 .debug_macro   0x00004361       0xb8 ./example/src/iox_sensor.o
 .debug_macro   0x00004419       0x4c ./example/src/iox_sensor.o
 .debug_macro   0x00004465       0x16 ./example/src/iox_sensor.o
 .debug_macro   0x0000447b      0x328 ./example/src/iox_sensor.o
 .debug_macro   0x000047a3       0x3a ./example/src/iox_sensor.o
 .debug_macro   0x000047dd       0xd0 ./example/src/iox_sensor.o
 .debug_macro   0x000048ad       0x18 ./example/src/iox_sensor.o
 .debug_macro   0x000048c5       0x22 ./example/src/iox_sensor.o
 .debug_macro   0x000048e7       0x40 ./example/src/iox_sensor.o
 .debug_macro   0x00004927       0xfc ./example/src/iox_sensor.o
 .debug_macro   0x00004a23       0x9a ./example/src/iox_sensor.o
 .debug_macro   0x00004abd       0x20 ./example/src/iox_sensor.o
 .debug_macro   0x00004add       0x1c ./example/src/iox_sensor.o
 .debug_macro   0x00004af9       0x68 ./example/src/lpc_rom8x8.o
 .debug_macro   0x00004b61       0x7b ./example/src/lpc_rom8x8.o
 .debug_macro   0x00004bdc      0x310 ./example/src/sysinit.o
 .debug_macro   0x00004eec      0x336 C:\Users\Felix\Desktop\Projects\LPC\lpcopen\lpc_board_nxp_lpcxpresso_4337\Debug\liblpc_board_nxp_lpcxpresso_4337.a(board.o)
 .debug_macro   0x00005222      0x89e C:\Users\Felix\Desktop\Projects\LPC\lpcopen\lpc_board_nxp_lpcxpresso_4337\Debug\liblpc_board_nxp_lpcxpresso_4337.a(board.o)
 .debug_macro   0x00005ac0       0x12 C:\Users\Felix\Desktop\Projects\LPC\lpcopen\lpc_board_nxp_lpcxpresso_4337\Debug\liblpc_board_nxp_lpcxpresso_4337.a(board.o)
 .debug_macro   0x00005ad2      0x339 C:\Users\Felix\Desktop\Projects\LPC\lpcopen\lpc_board_nxp_lpcxpresso_4337\Debug\liblpc_board_nxp_lpcxpresso_4337.a(board.o)
 .debug_macro   0x00005e0b      0x310 C:\Users\Felix\Desktop\Projects\LPC\lpcopen\lpc_board_nxp_lpcxpresso_4337\Debug\liblpc_board_nxp_lpcxpresso_4337.a(board_sysinit.o)
 .debug_macro   0x0000611b      0x332 C:\Users\Felix\Desktop\Projects\LPC\lpcopen\lpc_board_nxp_lpcxpresso_4337\Debug\liblpc_board_nxp_lpcxpresso_4337.a(lcd_st7565s.o)
 .debug_macro   0x0000644d      0x2da C:\Users\Felix\Desktop\Projects\LPC\lpcopen\lpc_chip_43xx\Debug\liblpc_chip_43xx.a(chip_18xx_43xx.o)
 .debug_macro   0x00006727      0x2e0 C:\Users\Felix\Desktop\Projects\LPC\lpcopen\lpc_chip_43xx\Debug\liblpc_chip_43xx.a(clock_18xx_43xx.o)
 .debug_macro   0x00006a07       0xc0 C:\Users\Felix\Desktop\Projects\LPC\lpcopen\lpc_chip_43xx\Debug\liblpc_chip_43xx.a(fpu_init.o)
 .debug_macro   0x00006ac7      0x2da C:\Users\Felix\Desktop\Projects\LPC\lpcopen\lpc_chip_43xx\Debug\liblpc_chip_43xx.a(gpio_18xx_43xx.o)
 .debug_macro   0x00006da1      0x2ec C:\Users\Felix\Desktop\Projects\LPC\lpcopen\lpc_chip_43xx\Debug\liblpc_chip_43xx.a(i2c_18xx_43xx.o)
 .debug_macro   0x0000708d      0x2da C:\Users\Felix\Desktop\Projects\LPC\lpcopen\lpc_chip_43xx\Debug\liblpc_chip_43xx.a(ssp_18xx_43xx.o)
 .debug_macro   0x00007367      0x2da C:\Users\Felix\Desktop\Projects\LPC\lpcopen\lpc_chip_43xx\Debug\liblpc_chip_43xx.a(sysinit_18xx_43xx.o)

.debug_line     0x00000000     0x5bc1
 .debug_line    0x00000000      0x102 ./example/src/cr_startup_lpc43xx.o
 .debug_line    0x00000102      0x7bf ./example/src/iox_sensor.o
 .debug_line    0x000008c1      0x1b0 ./example/src/lpc_rom8x8.o
 .debug_line    0x00000a71      0x654 ./example/src/sysinit.o
 .debug_line    0x000010c5      0x9ee C:\Users\Felix\Desktop\Projects\LPC\lpcopen\lpc_board_nxp_lpcxpresso_4337\Debug\liblpc_board_nxp_lpcxpresso_4337.a(board.o)
 .debug_line    0x00001ab3      0x6db C:\Users\Felix\Desktop\Projects\LPC\lpcopen\lpc_board_nxp_lpcxpresso_4337\Debug\liblpc_board_nxp_lpcxpresso_4337.a(board_sysinit.o)
 .debug_line    0x0000218e      0x913 C:\Users\Felix\Desktop\Projects\LPC\lpcopen\lpc_board_nxp_lpcxpresso_4337\Debug\liblpc_board_nxp_lpcxpresso_4337.a(lcd_st7565s.o)
 .debug_line    0x00002aa1      0x644 C:\Users\Felix\Desktop\Projects\LPC\lpcopen\lpc_chip_43xx\Debug\liblpc_chip_43xx.a(chip_18xx_43xx.o)
 .debug_line    0x000030e5      0xa41 C:\Users\Felix\Desktop\Projects\LPC\lpcopen\lpc_chip_43xx\Debug\liblpc_chip_43xx.a(clock_18xx_43xx.o)
 .debug_line    0x00003b26      0x1f0 C:\Users\Felix\Desktop\Projects\LPC\lpcopen\lpc_chip_43xx\Debug\liblpc_chip_43xx.a(fpu_init.o)
 .debug_line    0x00003d16      0x5ea C:\Users\Felix\Desktop\Projects\LPC\lpcopen\lpc_chip_43xx\Debug\liblpc_chip_43xx.a(gpio_18xx_43xx.o)
 .debug_line    0x00004300      0x8ff C:\Users\Felix\Desktop\Projects\LPC\lpcopen\lpc_chip_43xx\Debug\liblpc_chip_43xx.a(i2c_18xx_43xx.o)
 .debug_line    0x00004bff      0x925 C:\Users\Felix\Desktop\Projects\LPC\lpcopen\lpc_chip_43xx\Debug\liblpc_chip_43xx.a(ssp_18xx_43xx.o)
 .debug_line    0x00005524      0x69d C:\Users\Felix\Desktop\Projects\LPC\lpcopen\lpc_chip_43xx\Debug\liblpc_chip_43xx.a(sysinit_18xx_43xx.o)

.debug_str      0x00000000    0x1971e
 .debug_str     0x00000000     0x2737 ./example/src/cr_startup_lpc43xx.o
                               0x274f (size before relaxing)
 .debug_str     0x00002737    0x14166 ./example/src/iox_sensor.o
                              0x16829 (size before relaxing)
 .debug_str     0x0001689d       0x47 ./example/src/lpc_rom8x8.o
                               0x3f91 (size before relaxing)
 .debug_str     0x000168e4       0x23 ./example/src/sysinit.o
                              0x1571f (size before relaxing)
 .debug_str     0x00016907     0x1a04 C:\Users\Felix\Desktop\Projects\LPC\lpcopen\lpc_board_nxp_lpcxpresso_4337\Debug\liblpc_board_nxp_lpcxpresso_4337.a(board.o)
                              0x17b84 (size before relaxing)
 .debug_str     0x0001830b      0x125 C:\Users\Felix\Desktop\Projects\LPC\lpcopen\lpc_board_nxp_lpcxpresso_4337\Debug\liblpc_board_nxp_lpcxpresso_4337.a(board_sysinit.o)
                              0x164ca (size before relaxing)
 .debug_str     0x00018430      0x194 C:\Users\Felix\Desktop\Projects\LPC\lpcopen\lpc_board_nxp_lpcxpresso_4337\Debug\liblpc_board_nxp_lpcxpresso_4337.a(lcd_st7565s.o)
                              0x1641a (size before relaxing)
 .debug_str     0x000185c4       0xe1 C:\Users\Felix\Desktop\Projects\LPC\lpcopen\lpc_chip_43xx\Debug\liblpc_chip_43xx.a(chip_18xx_43xx.o)
                              0x15dec (size before relaxing)
 .debug_str     0x000186a5      0x5ec C:\Users\Felix\Desktop\Projects\LPC\lpcopen\lpc_chip_43xx\Debug\liblpc_chip_43xx.a(clock_18xx_43xx.o)
                              0x1636f (size before relaxing)
 .debug_str     0x00018c91       0xb5 C:\Users\Felix\Desktop\Projects\LPC\lpcopen\lpc_chip_43xx\Debug\liblpc_chip_43xx.a(fpu_init.o)
                               0x9955 (size before relaxing)
 .debug_str     0x00018d46       0x38 C:\Users\Felix\Desktop\Projects\LPC\lpcopen\lpc_chip_43xx\Debug\liblpc_chip_43xx.a(gpio_18xx_43xx.o)
                              0x15102 (size before relaxing)
 .debug_str     0x00018d7e      0x4e9 C:\Users\Felix\Desktop\Projects\LPC\lpcopen\lpc_chip_43xx\Debug\liblpc_chip_43xx.a(i2c_18xx_43xx.o)
                              0x160aa (size before relaxing)
 .debug_str     0x00019267      0x400 C:\Users\Felix\Desktop\Projects\LPC\lpcopen\lpc_chip_43xx\Debug\liblpc_chip_43xx.a(ssp_18xx_43xx.o)
                              0x15afe (size before relaxing)
 .debug_str     0x00019667       0xb7 C:\Users\Felix\Desktop\Projects\LPC\lpcopen\lpc_chip_43xx\Debug\liblpc_chip_43xx.a(sysinit_18xx_43xx.o)
                              0x15dbe (size before relaxing)

.comment        0x00000000       0xdc
 .comment       0x00000000       0x6e ./example/src/cr_startup_lpc43xx.o
                                 0x6f (size before relaxing)
 .comment       0x0000006e       0x6f ./example/src/iox_sensor.o
 .comment       0x0000006e       0x6f ./example/src/lpc_rom8x8.o
 .comment       0x0000006e       0x6f ./example/src/sysinit.o
 .comment       0x0000006e       0x6f C:\Users\Felix\Desktop\Projects\LPC\lpcopen\lpc_board_nxp_lpcxpresso_4337\Debug\liblpc_board_nxp_lpcxpresso_4337.a(board.o)
 .comment       0x0000006e       0x6f C:\Users\Felix\Desktop\Projects\LPC\lpcopen\lpc_board_nxp_lpcxpresso_4337\Debug\liblpc_board_nxp_lpcxpresso_4337.a(board_sysinit.o)
 .comment       0x0000006e       0x6f C:\Users\Felix\Desktop\Projects\LPC\lpcopen\lpc_board_nxp_lpcxpresso_4337\Debug\liblpc_board_nxp_lpcxpresso_4337.a(lcd_st7565s.o)
 .comment       0x0000006e       0x6f C:\Users\Felix\Desktop\Projects\LPC\lpcopen\lpc_chip_43xx\Debug\liblpc_chip_43xx.a(chip_18xx_43xx.o)
 .comment       0x0000006e       0x6f C:\Users\Felix\Desktop\Projects\LPC\lpcopen\lpc_chip_43xx\Debug\liblpc_chip_43xx.a(clock_18xx_43xx.o)
 .comment       0x0000006e       0x6f C:\Users\Felix\Desktop\Projects\LPC\lpcopen\lpc_chip_43xx\Debug\liblpc_chip_43xx.a(fpu_init.o)
 .comment       0x0000006e       0x6f C:\Users\Felix\Desktop\Projects\LPC\lpcopen\lpc_chip_43xx\Debug\liblpc_chip_43xx.a(gpio_18xx_43xx.o)
 .comment       0x0000006e       0x6f C:\Users\Felix\Desktop\Projects\LPC\lpcopen\lpc_chip_43xx\Debug\liblpc_chip_43xx.a(i2c_18xx_43xx.o)
 .comment       0x0000006e       0x6f C:\Users\Felix\Desktop\Projects\LPC\lpcopen\lpc_chip_43xx\Debug\liblpc_chip_43xx.a(ssp_18xx_43xx.o)
 .comment       0x0000006e       0x6f C:\Users\Felix\Desktop\Projects\LPC\lpcopen\lpc_chip_43xx\Debug\liblpc_chip_43xx.a(sysinit_18xx_43xx.o)
 .comment       0x0000006e       0x6e c:/nxp/lpcxpresso_8.2.2_650/lpcxpresso/tools/bin/../lib/gcc/arm-none-eabi/5.4.1/../../../../arm-none-eabi/lib/armv7e-m/softfp\libcr_nohost.a(_cr__main.o)
                                 0x6f (size before relaxing)
 .comment       0x000000dc       0x6f c:/nxp/lpcxpresso_8.2.2_650/lpcxpresso/tools/bin/../lib/gcc/arm-none-eabi/5.4.1/../../../../arm-none-eabi/lib/armv7e-m/softfp\libcr_c.a(memset.o)
 .comment       0x000000dc       0x6f c:/nxp/lpcxpresso_8.2.2_650/lpcxpresso/tools/bin/../lib/gcc/arm-none-eabi/5.4.1/../../../../arm-none-eabi/lib/armv7e-m/softfp\libcr_c.a(fpprintf.o)
 .comment       0x000000dc       0x6f c:/nxp/lpcxpresso_8.2.2_650/lpcxpresso/tools/bin/../lib/gcc/arm-none-eabi/5.4.1/../../../../arm-none-eabi/lib/armv7e-m/softfp\libcr_c.a(initio.o)
 .comment       0x000000dc       0x6f c:/nxp/lpcxpresso_8.2.2_650/lpcxpresso/tools/bin/../lib/gcc/arm-none-eabi/5.4.1/../../../../arm-none-eabi/lib/armv7e-m/softfp\libcr_c.a(printf.o)
 .comment       0x000000dc       0x6f c:/nxp/lpcxpresso_8.2.2_650/lpcxpresso/tools/bin/../lib/gcc/arm-none-eabi/5.4.1/../../../../arm-none-eabi/lib/armv7e-m/softfp\libcr_c.a(setvbuf.o)
 .comment       0x000000dc       0x6f c:/nxp/lpcxpresso_8.2.2_650/lpcxpresso/tools/bin/../lib/gcc/arm-none-eabi/5.4.1/../../../../arm-none-eabi/lib/armv7e-m/softfp\libcr_c.a(stdio.o)
 .comment       0x000000dc       0x6f c:/nxp/lpcxpresso_8.2.2_650/lpcxpresso/tools/bin/../lib/gcc/arm-none-eabi/5.4.1/../../../../arm-none-eabi/lib/armv7e-m/softfp\libcr_c.a(strlen.o)
 .comment       0x000000dc       0x6f c:/nxp/lpcxpresso_8.2.2_650/lpcxpresso/tools/bin/../lib/gcc/arm-none-eabi/5.4.1/../../../../arm-none-eabi/lib/armv7e-m/softfp\libcr_c.a(_deferredlazyseek.o)
 .comment       0x000000dc       0x6f c:/nxp/lpcxpresso_8.2.2_650/lpcxpresso/tools/bin/../lib/gcc/arm-none-eabi/5.4.1/../../../../arm-none-eabi/lib/armv7e-m/softfp\libcr_c.a(_fdopen.o)
 .comment       0x000000dc       0x6f c:/nxp/lpcxpresso_8.2.2_650/lpcxpresso/tools/bin/../lib/gcc/arm-none-eabi/5.4.1/../../../../arm-none-eabi/lib/armv7e-m/softfp\libcr_c.a(_fflush.o)
 .comment       0x000000dc       0x6f c:/nxp/lpcxpresso_8.2.2_650/lpcxpresso/tools/bin/../lib/gcc/arm-none-eabi/5.4.1/../../../../arm-none-eabi/lib/armv7e-m/softfp\libcr_c.a(_frexpl.o)
 .comment       0x000000dc       0x6f c:/nxp/lpcxpresso_8.2.2_650/lpcxpresso/tools/bin/../lib/gcc/arm-none-eabi/5.4.1/../../../../arm-none-eabi/lib/armv7e-m/softfp\libcr_c.a(_ldexpl.o)
 .comment       0x000000dc       0x6f c:/nxp/lpcxpresso_8.2.2_650/lpcxpresso/tools/bin/../lib/gcc/arm-none-eabi/5.4.1/../../../../arm-none-eabi/lib/armv7e-m/softfp\libcr_c.a(_writebuf.o)
 .comment       0x000000dc       0x6f c:/nxp/lpcxpresso_8.2.2_650/lpcxpresso/tools/bin/../lib/gcc/arm-none-eabi/5.4.1/../../../../arm-none-eabi/lib/armv7e-m/softfp\libcr_c.a(alloc.o)
 .comment       0x000000dc       0x6f c:/nxp/lpcxpresso_8.2.2_650/lpcxpresso/tools/bin/../lib/gcc/arm-none-eabi/5.4.1/../../../../arm-none-eabi/lib/armv7e-m/softfp\libcr_c.a(errno.o)
 .comment       0x000000dc       0x6f c:/nxp/lpcxpresso_8.2.2_650/lpcxpresso/tools/bin/../lib/gcc/arm-none-eabi/5.4.1/../../../../arm-none-eabi/lib/armv7e-m/softfp\libcr_c.a(fclose.o)
 .comment       0x000000dc       0x6f c:/nxp/lpcxpresso_8.2.2_650/lpcxpresso/tools/bin/../lib/gcc/arm-none-eabi/5.4.1/../../../../arm-none-eabi/lib/armv7e-m/softfp\libcr_c.a(fflush.o)
 .comment       0x000000dc       0x6f c:/nxp/lpcxpresso_8.2.2_650/lpcxpresso/tools/bin/../lib/gcc/arm-none-eabi/5.4.1/../../../../arm-none-eabi/lib/armv7e-m/softfp\libcr_c.a(fseek.o)
 .comment       0x000000dc       0x6f c:/nxp/lpcxpresso_8.2.2_650/lpcxpresso/tools/bin/../lib/gcc/arm-none-eabi/5.4.1/../../../../arm-none-eabi/lib/armv7e-m/softfp\libcr_c.a(ftell.o)
 .comment       0x000000dc       0x6f c:/nxp/lpcxpresso_8.2.2_650/lpcxpresso/tools/bin/../lib/gcc/arm-none-eabi/5.4.1/../../../../arm-none-eabi/lib/armv7e-m/softfp\libcr_c.a(remove.o)
 .comment       0x000000dc       0x6f c:/nxp/lpcxpresso_8.2.2_650/lpcxpresso/tools/bin/../lib/gcc/arm-none-eabi/5.4.1/../../../../arm-none-eabi/lib/armv7e-m/softfp\libcr_c.a(__init_alloc.o)
 .comment       0x000000dc       0x6f c:/nxp/lpcxpresso_8.2.2_650/lpcxpresso/tools/bin/../lib/gcc/arm-none-eabi/5.4.1/../../../../arm-none-eabi/lib/armv7e-m/softfp\libcr_c.a(_cr_sbrk.o)
 .comment       0x000000dc       0x6f c:/nxp/lpcxpresso_8.2.2_650/lpcxpresso/tools/bin/../lib/gcc/arm-none-eabi/5.4.1/../../../../arm-none-eabi/lib/armv7e-m/softfp\libcr_c.a(_do_fflush.o)
 .comment       0x000000dc       0x6f c:/nxp/lpcxpresso_8.2.2_650/lpcxpresso/tools/bin/../lib/gcc/arm-none-eabi/5.4.1/../../../../arm-none-eabi/lib/armv7e-m/softfp\libcr_c.a(_hugeval.o)
 .comment       0x000000dc       0x6f c:/nxp/lpcxpresso_8.2.2_650/lpcxpresso/tools/bin/../lib/gcc/arm-none-eabi/5.4.1/../../../../arm-none-eabi/lib/armv7e-m/softfp\libcr_c.a(_cr_check_heap.o)
 .comment       0x000000dc       0x6f c:/nxp/lpcxpresso_8.2.2_650/lpcxpresso/tools/bin/../lib/gcc/arm-none-eabi/5.4.1/armv7e-m/softfp\libcr_eabihelpers.a(double.o)
 .comment       0x000000dc       0x6f c:/nxp/lpcxpresso_8.2.2_650/lpcxpresso/tools/bin/../lib/gcc/arm-none-eabi/5.4.1/../../../../arm-none-eabi/lib/armv7e-m/softfp\libcr_nohost.a(__sys_appexit.o)
 .comment       0x000000dc       0x6f c:/nxp/lpcxpresso_8.2.2_650/lpcxpresso/tools/bin/../lib/gcc/arm-none-eabi/5.4.1/../../../../arm-none-eabi/lib/armv7e-m/softfp\libcr_nohost.a(__sys_close.o)
 .comment       0x000000dc       0x6f c:/nxp/lpcxpresso_8.2.2_650/lpcxpresso/tools/bin/../lib/gcc/arm-none-eabi/5.4.1/../../../../arm-none-eabi/lib/armv7e-m/softfp\libcr_nohost.a(__sys_flen.o)
 .comment       0x000000dc       0x6f c:/nxp/lpcxpresso_8.2.2_650/lpcxpresso/tools/bin/../lib/gcc/arm-none-eabi/5.4.1/../../../../arm-none-eabi/lib/armv7e-m/softfp\libcr_nohost.a(__sys_istty.o)
 .comment       0x000000dc       0x6f c:/nxp/lpcxpresso_8.2.2_650/lpcxpresso/tools/bin/../lib/gcc/arm-none-eabi/5.4.1/../../../../arm-none-eabi/lib/armv7e-m/softfp\libcr_nohost.a(__sys_remove.o)
 .comment       0x000000dc       0x6f c:/nxp/lpcxpresso_8.2.2_650/lpcxpresso/tools/bin/../lib/gcc/arm-none-eabi/5.4.1/../../../../arm-none-eabi/lib/armv7e-m/softfp\libcr_nohost.a(__sys_seek.o)
 .comment       0x000000dc       0x6f c:/nxp/lpcxpresso_8.2.2_650/lpcxpresso/tools/bin/../lib/gcc/arm-none-eabi/5.4.1/../../../../arm-none-eabi/lib/armv7e-m/softfp\libcr_nohost.a(__sys_tmpnam.o)
 .comment       0x000000dc       0x6f c:/nxp/lpcxpresso_8.2.2_650/lpcxpresso/tools/bin/../lib/gcc/arm-none-eabi/5.4.1/../../../../arm-none-eabi/lib/armv7e-m/softfp\libcr_nohost.a(__sys_write.o)

.ARM.attributes
                0x00000000       0x35
 .ARM.attributes
                0x00000000       0x37 ./example/src/cr_startup_lpc43xx.o
 .ARM.attributes
                0x00000037       0x37 ./example/src/iox_sensor.o
 .ARM.attributes
                0x0000006e       0x37 ./example/src/lpc_rom8x8.o
 .ARM.attributes
                0x000000a5       0x37 ./example/src/sysinit.o
 .ARM.attributes
                0x000000dc       0x37 C:\Users\Felix\Desktop\Projects\LPC\lpcopen\lpc_board_nxp_lpcxpresso_4337\Debug\liblpc_board_nxp_lpcxpresso_4337.a(board.o)
 .ARM.attributes
                0x00000113       0x37 C:\Users\Felix\Desktop\Projects\LPC\lpcopen\lpc_board_nxp_lpcxpresso_4337\Debug\liblpc_board_nxp_lpcxpresso_4337.a(board_sysinit.o)
 .ARM.attributes
                0x0000014a       0x37 C:\Users\Felix\Desktop\Projects\LPC\lpcopen\lpc_board_nxp_lpcxpresso_4337\Debug\liblpc_board_nxp_lpcxpresso_4337.a(lcd_st7565s.o)
 .ARM.attributes
                0x00000181       0x37 C:\Users\Felix\Desktop\Projects\LPC\lpcopen\lpc_chip_43xx\Debug\liblpc_chip_43xx.a(chip_18xx_43xx.o)
 .ARM.attributes
                0x000001b8       0x37 C:\Users\Felix\Desktop\Projects\LPC\lpcopen\lpc_chip_43xx\Debug\liblpc_chip_43xx.a(clock_18xx_43xx.o)
 .ARM.attributes
                0x000001ef       0x37 C:\Users\Felix\Desktop\Projects\LPC\lpcopen\lpc_chip_43xx\Debug\liblpc_chip_43xx.a(fpu_init.o)
 .ARM.attributes
                0x00000226       0x37 C:\Users\Felix\Desktop\Projects\LPC\lpcopen\lpc_chip_43xx\Debug\liblpc_chip_43xx.a(gpio_18xx_43xx.o)
 .ARM.attributes
                0x0000025d       0x37 C:\Users\Felix\Desktop\Projects\LPC\lpcopen\lpc_chip_43xx\Debug\liblpc_chip_43xx.a(i2c_18xx_43xx.o)
 .ARM.attributes
                0x00000294       0x37 C:\Users\Felix\Desktop\Projects\LPC\lpcopen\lpc_chip_43xx\Debug\liblpc_chip_43xx.a(ssp_18xx_43xx.o)
 .ARM.attributes
                0x000002cb       0x37 C:\Users\Felix\Desktop\Projects\LPC\lpcopen\lpc_chip_43xx\Debug\liblpc_chip_43xx.a(sysinit_18xx_43xx.o)
 .ARM.attributes
                0x00000302       0x37 c:/nxp/lpcxpresso_8.2.2_650/lpcxpresso/tools/bin/../lib/gcc/arm-none-eabi/5.4.1/../../../../arm-none-eabi/lib/armv7e-m/softfp\libcr_nohost.a(_cr__main.o)
 .ARM.attributes
                0x00000339       0x37 c:/nxp/lpcxpresso_8.2.2_650/lpcxpresso/tools/bin/../lib/gcc/arm-none-eabi/5.4.1/../../../../arm-none-eabi/lib/armv7e-m/softfp\libcr_c.a(memset.o)
 .ARM.attributes
                0x00000370       0x37 c:/nxp/lpcxpresso_8.2.2_650/lpcxpresso/tools/bin/../lib/gcc/arm-none-eabi/5.4.1/../../../../arm-none-eabi/lib/armv7e-m/softfp\libcr_c.a(fpprintf.o)
 .ARM.attributes
                0x000003a7       0x37 c:/nxp/lpcxpresso_8.2.2_650/lpcxpresso/tools/bin/../lib/gcc/arm-none-eabi/5.4.1/../../../../arm-none-eabi/lib/armv7e-m/softfp\libcr_c.a(initio.o)
 .ARM.attributes
                0x000003de       0x37 c:/nxp/lpcxpresso_8.2.2_650/lpcxpresso/tools/bin/../lib/gcc/arm-none-eabi/5.4.1/../../../../arm-none-eabi/lib/armv7e-m/softfp\libcr_c.a(printf.o)
 .ARM.attributes
                0x00000415       0x37 c:/nxp/lpcxpresso_8.2.2_650/lpcxpresso/tools/bin/../lib/gcc/arm-none-eabi/5.4.1/../../../../arm-none-eabi/lib/armv7e-m/softfp\libcr_c.a(setvbuf.o)
 .ARM.attributes
                0x0000044c       0x37 c:/nxp/lpcxpresso_8.2.2_650/lpcxpresso/tools/bin/../lib/gcc/arm-none-eabi/5.4.1/../../../../arm-none-eabi/lib/armv7e-m/softfp\libcr_c.a(stdio.o)
 .ARM.attributes
                0x00000483       0x37 c:/nxp/lpcxpresso_8.2.2_650/lpcxpresso/tools/bin/../lib/gcc/arm-none-eabi/5.4.1/../../../../arm-none-eabi/lib/armv7e-m/softfp\libcr_c.a(strlen.o)
 .ARM.attributes
                0x000004ba       0x37 c:/nxp/lpcxpresso_8.2.2_650/lpcxpresso/tools/bin/../lib/gcc/arm-none-eabi/5.4.1/../../../../arm-none-eabi/lib/armv7e-m/softfp\libcr_c.a(_deferredlazyseek.o)
 .ARM.attributes
                0x000004f1       0x37 c:/nxp/lpcxpresso_8.2.2_650/lpcxpresso/tools/bin/../lib/gcc/arm-none-eabi/5.4.1/../../../../arm-none-eabi/lib/armv7e-m/softfp\libcr_c.a(_fdopen.o)
 .ARM.attributes
                0x00000528       0x37 c:/nxp/lpcxpresso_8.2.2_650/lpcxpresso/tools/bin/../lib/gcc/arm-none-eabi/5.4.1/../../../../arm-none-eabi/lib/armv7e-m/softfp\libcr_c.a(_fflush.o)
 .ARM.attributes
                0x0000055f       0x37 c:/nxp/lpcxpresso_8.2.2_650/lpcxpresso/tools/bin/../lib/gcc/arm-none-eabi/5.4.1/../../../../arm-none-eabi/lib/armv7e-m/softfp\libcr_c.a(_frexpl.o)
 .ARM.attributes
                0x00000596       0x37 c:/nxp/lpcxpresso_8.2.2_650/lpcxpresso/tools/bin/../lib/gcc/arm-none-eabi/5.4.1/../../../../arm-none-eabi/lib/armv7e-m/softfp\libcr_c.a(_ldexpl.o)
 .ARM.attributes
                0x000005cd       0x37 c:/nxp/lpcxpresso_8.2.2_650/lpcxpresso/tools/bin/../lib/gcc/arm-none-eabi/5.4.1/../../../../arm-none-eabi/lib/armv7e-m/softfp\libcr_c.a(_writebuf.o)
 .ARM.attributes
                0x00000604       0x37 c:/nxp/lpcxpresso_8.2.2_650/lpcxpresso/tools/bin/../lib/gcc/arm-none-eabi/5.4.1/../../../../arm-none-eabi/lib/armv7e-m/softfp\libcr_c.a(alloc.o)
 .ARM.attributes
                0x0000063b       0x37 c:/nxp/lpcxpresso_8.2.2_650/lpcxpresso/tools/bin/../lib/gcc/arm-none-eabi/5.4.1/../../../../arm-none-eabi/lib/armv7e-m/softfp\libcr_c.a(errno.o)
 .ARM.attributes
                0x00000672       0x37 c:/nxp/lpcxpresso_8.2.2_650/lpcxpresso/tools/bin/../lib/gcc/arm-none-eabi/5.4.1/../../../../arm-none-eabi/lib/armv7e-m/softfp\libcr_c.a(fclose.o)
 .ARM.attributes
                0x000006a9       0x37 c:/nxp/lpcxpresso_8.2.2_650/lpcxpresso/tools/bin/../lib/gcc/arm-none-eabi/5.4.1/../../../../arm-none-eabi/lib/armv7e-m/softfp\libcr_c.a(fflush.o)
 .ARM.attributes
                0x000006e0       0x37 c:/nxp/lpcxpresso_8.2.2_650/lpcxpresso/tools/bin/../lib/gcc/arm-none-eabi/5.4.1/../../../../arm-none-eabi/lib/armv7e-m/softfp\libcr_c.a(fseek.o)
 .ARM.attributes
                0x00000717       0x37 c:/nxp/lpcxpresso_8.2.2_650/lpcxpresso/tools/bin/../lib/gcc/arm-none-eabi/5.4.1/../../../../arm-none-eabi/lib/armv7e-m/softfp\libcr_c.a(ftell.o)
 .ARM.attributes
                0x0000074e       0x37 c:/nxp/lpcxpresso_8.2.2_650/lpcxpresso/tools/bin/../lib/gcc/arm-none-eabi/5.4.1/../../../../arm-none-eabi/lib/armv7e-m/softfp\libcr_c.a(remove.o)
 .ARM.attributes
                0x00000785       0x37 c:/nxp/lpcxpresso_8.2.2_650/lpcxpresso/tools/bin/../lib/gcc/arm-none-eabi/5.4.1/../../../../arm-none-eabi/lib/armv7e-m/softfp\libcr_c.a(__init_alloc.o)
 .ARM.attributes
                0x000007bc       0x37 c:/nxp/lpcxpresso_8.2.2_650/lpcxpresso/tools/bin/../lib/gcc/arm-none-eabi/5.4.1/../../../../arm-none-eabi/lib/armv7e-m/softfp\libcr_c.a(_cr_sbrk.o)
 .ARM.attributes
                0x000007f3       0x37 c:/nxp/lpcxpresso_8.2.2_650/lpcxpresso/tools/bin/../lib/gcc/arm-none-eabi/5.4.1/../../../../arm-none-eabi/lib/armv7e-m/softfp\libcr_c.a(_do_fflush.o)
 .ARM.attributes
                0x0000082a       0x37 c:/nxp/lpcxpresso_8.2.2_650/lpcxpresso/tools/bin/../lib/gcc/arm-none-eabi/5.4.1/../../../../arm-none-eabi/lib/armv7e-m/softfp\libcr_c.a(_hugeval.o)
 .ARM.attributes
                0x00000861       0x37 c:/nxp/lpcxpresso_8.2.2_650/lpcxpresso/tools/bin/../lib/gcc/arm-none-eabi/5.4.1/../../../../arm-none-eabi/lib/armv7e-m/softfp\libcr_c.a(_cr_check_heap.o)
 .ARM.attributes
                0x00000898       0x37 c:/nxp/lpcxpresso_8.2.2_650/lpcxpresso/tools/bin/../lib/gcc/arm-none-eabi/5.4.1/armv7e-m/softfp\libcr_eabihelpers.a(double.o)
 .ARM.attributes
                0x000008cf       0x25 c:/nxp/lpcxpresso_8.2.2_650/lpcxpresso/tools/bin/../lib/gcc/arm-none-eabi/5.4.1/armv7e-m/softfp\libcr_eabihelpers.a(memcpy.o)
 .ARM.attributes
                0x000008f4       0x37 c:/nxp/lpcxpresso_8.2.2_650/lpcxpresso/tools/bin/../lib/gcc/arm-none-eabi/5.4.1/../../../../arm-none-eabi/lib/armv7e-m/softfp\libcr_nohost.a(__sys_appexit.o)
 .ARM.attributes
                0x0000092b       0x37 c:/nxp/lpcxpresso_8.2.2_650/lpcxpresso/tools/bin/../lib/gcc/arm-none-eabi/5.4.1/../../../../arm-none-eabi/lib/armv7e-m/softfp\libcr_nohost.a(__sys_close.o)
 .ARM.attributes
                0x00000962       0x37 c:/nxp/lpcxpresso_8.2.2_650/lpcxpresso/tools/bin/../lib/gcc/arm-none-eabi/5.4.1/../../../../arm-none-eabi/lib/armv7e-m/softfp\libcr_nohost.a(__sys_flen.o)
 .ARM.attributes
                0x00000999       0x37 c:/nxp/lpcxpresso_8.2.2_650/lpcxpresso/tools/bin/../lib/gcc/arm-none-eabi/5.4.1/../../../../arm-none-eabi/lib/armv7e-m/softfp\libcr_nohost.a(__sys_istty.o)
 .ARM.attributes
                0x000009d0       0x37 c:/nxp/lpcxpresso_8.2.2_650/lpcxpresso/tools/bin/../lib/gcc/arm-none-eabi/5.4.1/../../../../arm-none-eabi/lib/armv7e-m/softfp\libcr_nohost.a(__sys_remove.o)
 .ARM.attributes
                0x00000a07       0x37 c:/nxp/lpcxpresso_8.2.2_650/lpcxpresso/tools/bin/../lib/gcc/arm-none-eabi/5.4.1/../../../../arm-none-eabi/lib/armv7e-m/softfp\libcr_nohost.a(__sys_seek.o)
 .ARM.attributes
                0x00000a3e       0x37 c:/nxp/lpcxpresso_8.2.2_650/lpcxpresso/tools/bin/../lib/gcc/arm-none-eabi/5.4.1/../../../../arm-none-eabi/lib/armv7e-m/softfp\libcr_nohost.a(__sys_tmpnam.o)
 .ARM.attributes
                0x00000a75       0x37 c:/nxp/lpcxpresso_8.2.2_650/lpcxpresso/tools/bin/../lib/gcc/arm-none-eabi/5.4.1/../../../../arm-none-eabi/lib/armv7e-m/softfp\libcr_nohost.a(__sys_write.o)

.debug_frame    0x00000000     0x1cf4
 .debug_frame   0x00000000      0x170 ./example/src/cr_startup_lpc43xx.o
 .debug_frame   0x00000170      0x164 ./example/src/iox_sensor.o
 .debug_frame   0x000002d4       0x34 ./example/src/sysinit.o
 .debug_frame   0x00000308      0x5e4 C:\Users\Felix\Desktop\Projects\LPC\lpcopen\lpc_board_nxp_lpcxpresso_4337\Debug\liblpc_board_nxp_lpcxpresso_4337.a(board.o)
 .debug_frame   0x000008ec       0xe4 C:\Users\Felix\Desktop\Projects\LPC\lpcopen\lpc_board_nxp_lpcxpresso_4337\Debug\liblpc_board_nxp_lpcxpresso_4337.a(board_sysinit.o)
 .debug_frame   0x000009d0      0x2e0 C:\Users\Felix\Desktop\Projects\LPC\lpcopen\lpc_board_nxp_lpcxpresso_4337\Debug\liblpc_board_nxp_lpcxpresso_4337.a(lcd_st7565s.o)
 .debug_frame   0x00000cb0       0xa0 C:\Users\Felix\Desktop\Projects\LPC\lpcopen\lpc_chip_43xx\Debug\liblpc_chip_43xx.a(chip_18xx_43xx.o)
 .debug_frame   0x00000d50      0x568 C:\Users\Felix\Desktop\Projects\LPC\lpcopen\lpc_chip_43xx\Debug\liblpc_chip_43xx.a(clock_18xx_43xx.o)
 .debug_frame   0x000012b8       0x38 C:\Users\Felix\Desktop\Projects\LPC\lpcopen\lpc_chip_43xx\Debug\liblpc_chip_43xx.a(fpu_init.o)
 .debug_frame   0x000012f0       0x60 C:\Users\Felix\Desktop\Projects\LPC\lpcopen\lpc_chip_43xx\Debug\liblpc_chip_43xx.a(gpio_18xx_43xx.o)
 .debug_frame   0x00001350      0x4c8 C:\Users\Felix\Desktop\Projects\LPC\lpcopen\lpc_chip_43xx\Debug\liblpc_chip_43xx.a(i2c_18xx_43xx.o)
 .debug_frame   0x00001818      0x3e8 C:\Users\Felix\Desktop\Projects\LPC\lpcopen\lpc_chip_43xx\Debug\liblpc_chip_43xx.a(ssp_18xx_43xx.o)
 .debug_frame   0x00001c00       0xf4 C:\Users\Felix\Desktop\Projects\LPC\lpcopen\lpc_chip_43xx\Debug\liblpc_chip_43xx.a(sysinit_18xx_43xx.o)
